#
# A fatal error has been detected by the Java Runtime Environment:
#
#  EXCEPTION_ACCESS_VIOLATION (0xc0000005) at pc=0x00007ffe140426c4, pid=7036, tid=20540
#
# JRE version: Java(TM) SE Runtime Environment (24.0.1+9) (build 24.0.1+9-30)
# Java VM: Java HotSpot(TM) 64-Bit Server VM (24.0.1+9-30, mixed mode, emulated-client, sharing, tiered, compressed oops, compressed class ptrs, g1 gc, windows-amd64)
# Problematic frame:
# C  [libasyncProfiler.dll+0x926c4]
#
# No core dump will be written. Minidumps are not enabled by default on client versions of Windows
#
# If you would like to submit a bug report, please visit:
#   https://bugreport.java.com/bugreport/crash.jsp
# The crash happened outside the Java Virtual Machine in native code.
# See problematic frame for where to report the bug.
#

---------------  S U M M A R Y ------------

Command Line: -agentlib:jdwp=transport=dt_socket,address=127.0.0.1:64797,suspend=y,server=n -javaagent:C:\Users\frost\AppData\Local\JetBrains\IntelliJIdea2025.1\captureAgent\debugger-agent.jar=file:///C:/Users/frost/AppData/Local/Temp/capture16985582466626212361.props -agentpath:C:\Users\frost\AppData\Local\Temp\idea_libasyncProfiler_dll_temp_folder1\libasyncProfiler.dll=version,jfr,event=wall,interval=10ms,cstack=no,file=C:\Users\frost\IdeaSnapshots\ThesisApplication_2025_05_25_190151.jfr,dbghelppath=C:\Users\frost\AppData\Local\Temp\idea_dbghelp_dll_temp_folder\dbghelp.dll,log=C:\Users\frost\AppData\Local\Temp\ThesisApplication_2025_05_25_190151.jfr.log.txt,logLevel=DEBUG -XX:TieredStopAtLevel=1 -Dspring.output.ansi.enabled=always -Dcom.sun.management.jmxremote -Dspring.jmx.enabled=true -Dspring.liveBeansView.mbeanDomain -Dspring.application.admin.enabled=true -Dmanagement.endpoints.jmx.exposure.include=* -Dkotlinx.coroutines.debug.enable.creation.stack.trace=false -Ddebugger.agent.enable.coroutines=true -Dkotlinx.coroutines.debug.enable.flows.stack.trace=true -Dkotlinx.coroutines.debug.enable.mutable.state.flows.stack.trace=true -Dfile.encoding=UTF-8 -Dsun.stdout.encoding=UTF-8 -Dsun.stderr.encoding=UTF-8 com.studying.thesis.ThesisApplication

Host: AMD Ryzen 5 4600H with Radeon Graphics         , 12 cores, 7G,  Windows 11 , 64 bit Build 26100 (10.0.26100.3912)
Time: Sun May 25 19:03:24 2025  Windows 11 , 64 bit Build 26100 (10.0.26100.3912) elapsed time: 92.035036 seconds (0d 0h 1m 32s)

---------------  T H R E A D  ---------------

Current thread (0x000001f115a17140):  JavaThread "Attach Listener" daemon [_thread_in_native, id=20540, stack(0x0000008d9b600000,0x0000008d9b700000) (1024K)]

Stack: [0x0000008d9b600000,0x0000008d9b700000],  sp=0x0000008d9b6feec0,  free space=1019k
Native frames: (J=compiled Java code, j=interpreted, Vv=VM code, C=native code)
C  [libasyncProfiler.dll+0x926c4]  (no source info available)
C  [libasyncProfiler.dll+0x92b9b]  (no source info available)
C  [libasyncProfiler.dll+0x917f4]  (no source info available)
C  [libasyncProfiler.dll+0x9206a]  (no source info available)
C  [libasyncProfiler.dll+0x8cc21]  (no source info available)
C  [libasyncProfiler.dll+0x7e5e1]  (no source info available)
C  [libasyncProfiler.dll+0x7d2f8]  (no source info available)
C  [libasyncProfiler.dll+0x7d1e0]  (no source info available)
C  [libasyncProfiler.dll+0x841b9]  (no source info available)
V  [jvm.dll+0x57eff7]  (no source info available)
V  [jvm.dll+0x57fdac]  (no source info available)
V  [jvm.dll+0x14ca17]  (no source info available)
V  [jvm.dll+0x14dfe1]  (no source info available)
V  [jvm.dll+0x42f456]  (no source info available)
V  [jvm.dll+0x87d76b]  (no source info available)
V  [jvm.dll+0x72ee55]  (no source info available)
C  [ucrtbase.dll+0x37b0]  (no source info available)
C  [KERNEL32.DLL+0x2e8d7]  (no source info available)
C  [ntdll.dll+0x9c5dc]  (no source info available)


siginfo: EXCEPTION_ACCESS_VIOLATION (0xc0000005), reading address 0xffffffffffffffff


Registers:
RAX=0x0000000000000010, RBX=0x0000000000000000, RCX=0xffffffffffffffff, RDX=0x007ffdffc9301010
RSP=0x0000008d9b6feec0, RBP=0x000001f15c0f7468, RSI=0x0000008d9b6ff030, RDI=0x000001f15c0f7468
R8 =0x0000000000000042, R9 =0x00000000823cd120, R10=0x00007ffdfff09fb0, R11=0x000000000000003a
R12=0x0000008d9b6ff030, R13=0x000001f103d74650, R14=0x000001f115a17508, R15=0x000001f115a17508
RIP=0x00007ffe140426c4, EFLAGS=0x0000000000010202

XMM[0]=0x0000000000000000 0x0000000000000000
XMM[1]=0x0000000000000000 0x0000000000000000
XMM[2]=0x0000000000000000 0x0000000000000000
XMM[3]=0x0000000000000000 0x0000000000000000
XMM[4]=0x0000000000000000 0x0000000000000000
XMM[5]=0x0000000000000000 0x0000000000000000
XMM[6]=0x0000000000000000 0x0000000000000000
XMM[7]=0x0000000000000000 0x0000000000000000
XMM[8]=0x0000000000000000 0x0000000000000000
XMM[9]=0x0000000000000000 0x0000000000000000
XMM[10]=0x0000000000000000 0x0000000000000000
XMM[11]=0x0000000000000000 0x0000000000000000
XMM[12]=0x0000000000000000 0x0000000000000000
XMM[13]=0x0000000000000000 0x0000000000000000
XMM[14]=0x0000000000000000 0x0000000000000000
XMM[15]=0x0000000000000000 0x0000000000000000
  MXCSR=0x00001fa0


Register to memory mapping:

RAX=0x0000000000000010 is an unknown value
RBX=0x0 is null
RCX=0xffffffffffffffff is an unknown value
RDX=0x007ffdffc9301010 is an unknown value
RSP=0x0000008d9b6feec0 is pointing into the stack for thread: 0x000001f115a17140
RBP=0x000001f15c0f7468 points into unknown readable memory: 0x00000000823cd120 | 20 d1 3c 82 00 00 00 00
RSI=0x0000008d9b6ff030 is pointing into the stack for thread: 0x000001f115a17140
RDI=0x000001f15c0f7468 points into unknown readable memory: 0x00000000823cd120 | 20 d1 3c 82 00 00 00 00
R8 =0x0000000000000042 is an unknown value
R9 =0x00000000823cd120 is an oop: java.lang.ref.Reference$ReferenceHandler 
{0x00000000823cd120} - klass: 'java/lang/ref/Reference$ReferenceHandler' - flags: 

 - ---- fields (total size 14 words):
 - 'threadLocalRandomProbe' 'I' @12  0 (0x00000000)
 - private volatile 'eetop' 'J' @16  2134961601088 (0x000001f115a0ba40)
 - private final 'tid' 'J' @24  14 (0x000000000000000e)
 - 'threadLocalRandomSeed' 'J' @32  0 (0x0000000000000000)
 - injected 'jvmti_thread_state' 'J' @40  2134962646192 (0x000001f115b0acb0)
 - 'threadLocalRandomSecondarySeed' 'I' @48  0 (0x00000000)
 - injected 'jvmti_VTMS_transition_disable_count' 'I' @52  0 (0x00000000)
 - injected 'jfr_epoch' 'S' @56  0 (0x0000)
 - volatile 'interrupted' 'Z' @58  false (0x00)
 - injected 'jvmti_is_in_VTMS_transition' 'Z' @59  false (0x00)
 - private volatile 'name' 'Ljava/lang/String;' @60  "Reference Handler"{0x00000000ffe0a568} (0xffe0a568)
 - private volatile 'contextClassLoader' 'Ljava/lang/ClassLoader;' @64  null (0x00000000)
 - private final 'holder' 'Ljava/lang/Thread$FieldHolder;' @68  a 'java/lang/Thread$FieldHolder'{0x000000008228b1d0} (0x8228b1d0)
 - 'threadLocals' 'Ljava/lang/ThreadLocal$ThreadLocalMap;' @72  null (0x00000000)
 - 'inheritableThreadLocals' 'Ljava/lang/ThreadLocal$ThreadLocalMap;' @76  null (0x00000000)
 - private 'scopedValueBindings' 'Ljava/lang/Object;' @80  a 'java/lang/Class'{0x00000000ffe7c890} = 'java/lang/Thread' (0xffe7c890)
 - final 'interruptLock' 'Ljava/lang/Object;' @84  a 'java/lang/Object'{0x000000008228b1f8} (0x8228b1f8)
 - private volatile 'parkBlocker' 'Ljava/lang/Object;' @88  null (0x00000000)
 - private 'nioBlocker' 'Lsun/nio/ch/Interruptible;' @92  null (0x00000000)
 - private 'cont' 'Ljdk/internal/vm/Continuation;' @96  null (0x00000000)
 - private volatile 'uncaughtExceptionHandler' 'Ljava/lang/Thread$UncaughtExceptionHandler;' @100  null (0x00000000)
 - private 'container' 'Ljdk/internal/vm/ThreadContainer;' @104  null (0x00000000)
 - private volatile 'headStackableScopes' 'Ljdk/internal/vm/StackableScope;' @108  null (0x00000000)
R10=0x00007ffdfff09fb0 jvm.dll
R11=0x000000000000003a is an unknown value
R12=0x0000008d9b6ff030 is pointing into the stack for thread: 0x000001f115a17140
R13=0x000001f103d74650 points into unknown readable memory: 0x00007ffdffe7a510 | 10 a5 e7 ff fd 7f 00 00
R14=0x000001f115a17508 points into unknown readable memory: 0x00007ffdffe717b0 | b0 17 e7 ff fd 7f 00 00
R15=0x000001f115a17508 points into unknown readable memory: 0x00007ffdffe717b0 | b0 17 e7 ff fd 7f 00 00

Top of Stack: (sp=0x0000008d9b6feec0)
0x0000008d9b6feec0:   0000008d9b6ff030 000001f15c0f7468   0.o.....ht.\....
0x0000008d9b6feed0:   0000000000000000 000001f115a17890   .........x......
0x0000008d9b6feee0:   0000000000000039 00007ffe14042b9b   9........+......
0x0000008d9b6feef0:   0000000000000000 000001f115a17508   .........u......
0x0000008d9b6fef00:   0000008d9b6ff001 0000000000000000   ..o.............
0x0000008d9b6fef10:   000001f160a07b00 00007ffe140417f4   .{.`............
0x0000008d9b6fef20:   0000000000000000 0000000000000039   ........9.......
0x0000008d9b6fef30:   0000000000000000 0000000000000039   ........9.......
0x0000008d9b6fef40:   0000002000000002 000001f160a075b0   .... ....u.`....
0x0000008d9b6fef50:   000001f160a07b00 000001f160a07be4   .{.`.....{.`....
0x0000008d9b6fef60:   000001f160a07bfc 0000000000003284   .{.`.....2......
0x0000008d9b6fef70:   0000000000000000 0000000000000000   ................
0x0000008d9b6fef80:   0000000000000000 00007ffdff6d57d4   .........Wm.....
0x0000008d9b6fef90:   00007ffe14184ca0 0000000000001b7c   .L......|.......
0x0000008d9b6fefa0:   00007ffe14184ca0 00000000ffffffff   .L..............
0x0000008d9b6fefb0:   0000000000000000 00007ffe1404206a   ........j ......
0x0000008d9b6fefc0:   000001f115a17508 0000000000000000   .u..............
0x0000008d9b6fefd0:   0000008d9b6ff039 000001f103d74650   9.o.....PF......
0x0000008d9b6fefe0:   00007ffebfc688b0 00007ffebfb40139   ........9.......
0x0000008d9b6feff0:   000000000000001b 00007ffec0389fc9   ..........8.....
0x0000008d9b6ff000:   000001f115a17508 00007ffe14184ca0   .u.......L......
0x0000008d9b6ff010:   0000000000000007 00007ffdff961712   ................
0x0000008d9b6ff020:   0000000000000000 000001f115a17508   .........u......
0x0000008d9b6ff030:   000001f160fc83e0 000001f160fc8b00   ...`.......`....
0x0000008d9b6ff040:   000001f160fc8b00 00007ffe14184ca0   ...`.....L......
0x0000008d9b6ff050:   000001f103d93c88 0000008d9b6ff1c8   .<........o.....
0x0000008d9b6ff060:   0000008d9b6ff300 0000000000008840   ..o.....@.......
0x0000008d9b6ff070:   0000008d9b6ff4e0 00007ffe14184cf0   ..o......L......
0x0000008d9b6ff080:   0000000000989680 0000000000989680   ................
0x0000008d9b6ff090:   0000008d9b6ff1a0 00007ffe1403cc21   ..o.....!.......
0x0000008d9b6ff0a0:   00007ffe14184ca0 00007ffe14184cf8   .L.......L......
0x0000008d9b6ff0b0:   00007ffe00000000 001f7d5100000001   ............Q}..

Instructions: (pc=0x00007ffe140426c4)
  0x00007ffe140425c4:   cc cc cc cc cc cc cc cc cc cc cc cc cc cc cc cc
  0x00007ffe140425d4:   cc cc cc cc cc cc cc cc cc cc cc cc cc cc cc cc
  0x00007ffe140425e4:   cc cc cc cc cc cc cc cc cc cc cc cc cc cc cc cc
  0x00007ffe140425f4:   cc cc cc cc cc cc cc cc cc cc cc cc cc cc cc cc
  0x00007ffe14042604:   cc cc cc cc cc cc cc cc cc cc cc cc cc cc cc cc
  0x00007ffe14042614:   cc cc cc cc cc cc cc cc cc cc cc cc cc cc cc cc
  0x00007ffe14042624:   cc cc cc cc cc cc cc cc cc cc cc cc cc cc cc cc
  0x00007ffe14042634:   cc cc cc cc cc cc cc cc cc cc cc cc cc cc cc cc
  0x00007ffe14042644:   cc cc cc cc cc cc cc cc cc cc cc cc 40 57 48 83
  0x00007ffe14042654:   ec 20 48 8b f9 48 8b 0d 10 28 14 00 48 85 c9 74
  0x00007ffe14042664:   20 48 8b 01 48 8d 54 24 38 41 b8 06 00 01 00 4c
  0x00007ffe14042674:   8b 48 30 41 ff d1 85 c0 75 07 48 8b 4c 24 38 eb
  0x00007ffe14042684:   02 33 c9 4c 8b 05 ea 28 14 00 48 89 5c 24 30 4d
  0x00007ffe14042694:   85 c0 74 4a 48 8b 01 48 8b d7 4c 8b 88 28 03 00
  0x00007ffe140426a4:   00 41 ff d1 48 85 c0 74 35 48 63 0d f8 e6 13 00
  0x00007ffe140426b4:   48 8b 14 01 48 85 d2 74 15 48 63 05 fc e6 13 00
=>0x00007ffe140426c4:   8b 04 10 48 8b 5c 24 30 48 83 c4 20 5f c3 b8 ff
  0x00007ffe140426d4:   ff ff ff 48 8b 5c 24 30 48 83 c4 20 5f c3 80 3d
  0x00007ffe140426e4:   9b 27 14 00 00 bb ff ff ff ff 74 20 4c 8b 0d 31
  0x00007ffe140426f4:   24 14 00 4c 8d 44 24 38 48 8b 0d 15 24 14 00 48
  0x00007ffe14042704:   8b d7 41 ff d1 85 c0 0f 44 5c 24 38 8b c3 48 8b
  0x00007ffe14042714:   5c 24 30 48 83 c4 20 5f c3 cc cc cc cc cc cc cc
  0x00007ffe14042724:   cc cc cc cc cc cc cc cc cc cc cc cc cc cc cc cc
  0x00007ffe14042734:   cc cc cc cc cc cc cc cc cc cc cc cc cc cc cc cc
  0x00007ffe14042744:   cc cc cc cc cc cc cc cc cc cc cc cc 48 89 54 24
  0x00007ffe14042754:   10 53 55 56 57 41 56 41 57 48 83 ec 28 48 8b f2
  0x00007ffe14042764:   4c 8b f1 48 89 4c 24 78 45 33 ff 44 89 7c 24 68
  0x00007ffe14042774:   c7 44 24 60 01 00 00 00 48 8d 4c 24 68 e8 ed 42
  0x00007ffe14042784:   f7 ff 8b d8 48 8d 4c 24 60 e8 e1 42 f7 ff 8b e8
  0x00007ffe14042794:   49 8b ce e8 00 fc f6 ff 48 8b f8 90 8b c3 f0 0f
  0x00007ffe140427a4:   b1 2f 74 04 f3 90 eb f4 4c 89 3e 4c 89 7e 08 4c
  0x00007ffe140427b4:   89 7e 10 49 8b 6e 08 4d 8b 76 10 49 3b ee 0f 84


Stack slot to memory mapping:

stack at sp + 0 slots: 0x0000008d9b6ff030 is pointing into the stack for thread: 0x000001f115a17140
stack at sp + 1 slots: 0x000001f15c0f7468 points into unknown readable memory: 0x00000000823cd120 | 20 d1 3c 82 00 00 00 00
stack at sp + 2 slots: 0x0 is null
stack at sp + 3 slots: 0x000001f115a17890 points into unknown readable memory: 0x6e616c2e6176616a | 6a 61 76 61 2e 6c 61 6e
stack at sp + 4 slots: 0x0000000000000039 is an unknown value
stack at sp + 5 slots: 0x00007ffe14042b9b libasyncProfiler.dll
stack at sp + 6 slots: 0x0 is null
stack at sp + 7 slots: 0x000001f115a17508 points into unknown readable memory: 0x00007ffdffe717b0 | b0 17 e7 ff fd 7f 00 00

Lock stack of current Java thread (top to bottom):


---------------  P R O C E S S  ---------------

Threads class SMR info:
_java_thread_list=0x000001f1610b9180, length=35, elements={
0x000001f115a0ba40, 0x000001f115a0c380, 0x000001f115a16130, 0x000001f115a17140,
0x000001f115a187e0, 0x000001f115a1e630, 0x000001f115a1fcd0, 0x000001f115ba49e0,
0x000001f115b7f330, 0x000001f115b7fa80, 0x000001f115bd9d70, 0x000001f115d0e710,
0x000001f15b0104a0, 0x000001f15c2def20, 0x000001f15c134750, 0x000001f15c131420,
0x000001f15e9877c0, 0x000001f15e989c50, 0x000001f15e987f10, 0x000001f1602e9670,
0x000001f1602e8080, 0x000001f1602ee6e0, 0x000001f160fc4210, 0x000001f160fc2c20,
0x000001f160fc4960, 0x000001f160fc50b0, 0x000001f160fc5800, 0x000001f160fc3370,
0x000001f160fc24d0, 0x000001f160fc8b30, 0x000001f160fc7c90, 0x000001f160fc7540,
0x000001f160fc5f50, 0x000001f160fc9280, 0x000001f160fc6df0
}

Java Threads: ( => current thread )
  0x000001f115a0ba40 JavaThread "Reference Handler"          daemon [_thread_blocked, id=5100, stack(0x0000008d9b300000,0x0000008d9b400000) (1024K)]
  0x000001f115a0c380 JavaThread "Finalizer"                  daemon [_thread_blocked, id=17280, stack(0x0000008d9b400000,0x0000008d9b500000) (1024K)]
  0x000001f115a16130 JavaThread "Signal Dispatcher"          daemon [_thread_blocked, id=28080, stack(0x0000008d9b500000,0x0000008d9b600000) (1024K)]
=>0x000001f115a17140 JavaThread "Attach Listener"            daemon [_thread_in_native, id=20540, stack(0x0000008d9b600000,0x0000008d9b700000) (1024K)]
  0x000001f115a187e0 JavaThread "Service Thread"             daemon [_thread_blocked, id=21624, stack(0x0000008d9b700000,0x0000008d9b800000) (1024K)]
  0x000001f115a1e630 JavaThread "Monitor Deflation Thread"   daemon [_thread_blocked, id=5660, stack(0x0000008d9b800000,0x0000008d9b900000) (1024K)]
  0x000001f115a1fcd0 JavaThread "C1 CompilerThread0"         daemon [_thread_blocked, id=26380, stack(0x0000008d9b900000,0x0000008d9ba00000) (1024K)]
  0x000001f115ba49e0 JavaThread "JDWP Transport Listener: dt_socket" daemon [_thread_blocked, id=21176, stack(0x0000008d9bc00000,0x0000008d9bd00000) (1024K)]
  0x000001f115b7f330 JavaThread "JDWP Event Helper Thread"   daemon [_thread_blocked, id=7060, stack(0x0000008d9bd00000,0x0000008d9be00000) (1024K)]
  0x000001f115b7fa80 JavaThread "JDWP Command Reader"        daemon [_thread_in_native, id=8232, stack(0x0000008d9be00000,0x0000008d9bf00000) (1024K)]
  0x000001f115bd9d70 JavaThread "Common-Cleaner"             daemon [_thread_blocked, id=21428, stack(0x0000008d9ba00000,0x0000008d9bb00000) (1024K)]
  0x000001f115d0e710 JavaThread "IntelliJ Suspend Helper"    daemon [_thread_blocked, id=14076, stack(0x0000008d9bf00000,0x0000008d9c000000) (1024K)]
  0x000001f15b0104a0 JavaThread "Notification Thread"        daemon [_thread_blocked, id=11056, stack(0x0000008d9c000000,0x0000008d9c100000) (1024K)]
  0x000001f15c2def20 JavaThread "RMI TCP Accept-0"           daemon [_thread_in_native, id=24328, stack(0x0000008d9c300000,0x0000008d9c400000) (1024K)]
  0x000001f15c134750 JavaThread "RMI TCP Connection(idle)"   daemon [_thread_blocked, id=29372, stack(0x0000008d9c400000,0x0000008d9c500000) (1024K)]
  0x000001f15c131420 JavaThread "RMI Scheduler(0)"           daemon [_thread_blocked, id=15344, stack(0x0000008d9c500000,0x0000008d9c600000) (1024K)]
  0x000001f15e9877c0 JavaThread "mysql-cj-abandoned-connection-cleanup" daemon [_thread_blocked, id=14836, stack(0x0000008d9cf00000,0x0000008d9d000000) (1024K)]
  0x000001f15e989c50 JavaThread "PostgreSQL-JDBC-Cleaner"    daemon [_thread_blocked, id=19900, stack(0x0000008d9d300000,0x0000008d9d400000) (1024K)]
  0x000001f15e987f10 JavaThread "HikariPool-1 housekeeper"   daemon [_thread_blocked, id=6932, stack(0x0000008d9d400000,0x0000008d9d500000) (1024K)]
  0x000001f1602e9670 JavaThread "Catalina-utility-1"                [_thread_blocked, id=27000, stack(0x0000008d9c200000,0x0000008d9c300000) (1024K)]
  0x000001f1602e8080 JavaThread "Catalina-utility-2"                [_thread_blocked, id=27728, stack(0x0000008d9d600000,0x0000008d9d700000) (1024K)]
  0x000001f1602ee6e0 JavaThread "container-0"                       [_thread_blocked, id=4188, stack(0x0000008d9d700000,0x0000008d9d800000) (1024K)]
  0x000001f160fc4210 JavaThread "http-nio-8080-exec-1"       daemon [_thread_blocked, id=4516, stack(0x0000008d9d500000,0x0000008d9d600000) (1024K)]
  0x000001f160fc2c20 JavaThread "http-nio-8080-exec-2"       daemon [_thread_blocked, id=26252, stack(0x0000008d9d800000,0x0000008d9d900000) (1024K)]
  0x000001f160fc4960 JavaThread "http-nio-8080-exec-3"       daemon [_thread_blocked, id=4728, stack(0x0000008d9d900000,0x0000008d9da00000) (1024K)]
  0x000001f160fc50b0 JavaThread "http-nio-8080-exec-4"       daemon [_thread_blocked, id=3248, stack(0x0000008d9da00000,0x0000008d9db00000) (1024K)]
  0x000001f160fc5800 JavaThread "http-nio-8080-exec-5"       daemon [_thread_blocked, id=18888, stack(0x0000008d9db00000,0x0000008d9dc00000) (1024K)]
  0x000001f160fc3370 JavaThread "http-nio-8080-exec-6"       daemon [_thread_blocked, id=13040, stack(0x0000008d9dc00000,0x0000008d9dd00000) (1024K)]
  0x000001f160fc24d0 JavaThread "http-nio-8080-exec-7"       daemon [_thread_blocked, id=28896, stack(0x0000008d9dd00000,0x0000008d9de00000) (1024K)]
  0x000001f160fc8b30 JavaThread "http-nio-8080-exec-8"       daemon [_thread_blocked, id=23884, stack(0x0000008d9de00000,0x0000008d9df00000) (1024K)]
  0x000001f160fc7c90 JavaThread "http-nio-8080-exec-9"       daemon [_thread_blocked, id=29508, stack(0x0000008d9df00000,0x0000008d9e000000) (1024K)]
  0x000001f160fc7540 JavaThread "http-nio-8080-exec-10"      daemon [_thread_blocked, id=17092, stack(0x0000008d9e000000,0x0000008d9e100000) (1024K)]
  0x000001f160fc5f50 JavaThread "http-nio-8080-Poller"       daemon [_thread_in_native, id=26060, stack(0x0000008d9e100000,0x0000008d9e200000) (1024K)]
  0x000001f160fc9280 JavaThread "http-nio-8080-Acceptor"     daemon [_thread_in_native, id=24668, stack(0x0000008d9e200000,0x0000008d9e300000) (1024K)]
  0x000001f160fc6df0 JavaThread "DestroyJavaVM"                     [_thread_blocked, id=416, stack(0x0000008d9ab00000,0x0000008d9ac00000) (1024K)]
Total: 35

Other Threads:
  0x000001f1159fba00 VMThread "VM Thread"                           [id=14132, stack(0x0000008d9b200000,0x0000008d9b300000) (1024K)]
  0x000001f103a33930 WatcherThread "VM Periodic Task Thread"        [id=27192, stack(0x0000008d9b100000,0x0000008d9b200000) (1024K)]
  0x000001f10396a1d0 WorkerThread "GC Thread#0"                     [id=27688, stack(0x0000008d9ac00000,0x0000008d9ad00000) (1024K)]
  0x000001f15caed030 WorkerThread "GC Thread#1"                     [id=28564, stack(0x0000008d9c600000,0x0000008d9c700000) (1024K)]
  0x000001f15caebdc0 WorkerThread "GC Thread#2"                     [id=29236, stack(0x0000008d9c700000,0x0000008d9c800000) (1024K)]
  0x000001f15caed3e0 WorkerThread "GC Thread#3"                     [id=22408, stack(0x0000008d9c800000,0x0000008d9c900000) (1024K)]
  0x000001f15caec170 WorkerThread "GC Thread#4"                     [id=27988, stack(0x0000008d9c900000,0x0000008d9ca00000) (1024K)]
  0x000001f15caec520 WorkerThread "GC Thread#5"                     [id=19880, stack(0x0000008d9ca00000,0x0000008d9cb00000) (1024K)]
  0x000001f15caecc80 WorkerThread "GC Thread#6"                     [id=27976, stack(0x0000008d9cb00000,0x0000008d9cc00000) (1024K)]
  0x000001f15caec8d0 WorkerThread "GC Thread#7"                     [id=18160, stack(0x0000008d9cc00000,0x0000008d9cd00000) (1024K)]
  0x000001f15caeba10 WorkerThread "GC Thread#8"                     [id=1272, stack(0x0000008d9cd00000,0x0000008d9ce00000) (1024K)]
  0x000001f15cb46170 WorkerThread "GC Thread#9"                     [id=17096, stack(0x0000008d9ce00000,0x0000008d9cf00000) (1024K)]
  0x000001f10397ec30 ConcurrentGCThread "G1 Main Marker"            [id=13124, stack(0x0000008d9ad00000,0x0000008d9ae00000) (1024K)]
  0x000001f103980760 WorkerThread "G1 Conc#0"                       [id=18980, stack(0x0000008d9ae00000,0x0000008d9af00000) (1024K)]
  0x000001f15cb473e0 WorkerThread "G1 Conc#1"                       [id=28580, stack(0x0000008d9d000000,0x0000008d9d100000) (1024K)]
  0x000001f15cb46520 WorkerThread "G1 Conc#2"                       [id=27044, stack(0x0000008d9d100000,0x0000008d9d200000) (1024K)]
  0x000001f103a20350 ConcurrentGCThread "G1 Refine#0"               [id=12488, stack(0x0000008d9af00000,0x0000008d9b000000) (1024K)]
  0x000001f103a20de0 ConcurrentGCThread "G1 Service"                [id=15340, stack(0x0000008d9b000000,0x0000008d9b100000) (1024K)]
Total: 18

Threads with active compile tasks:
Total: 0

VM state: not at safepoint (normal execution)

VM Mutex/Monitor currently owned by a thread: None

Heap address: 0x0000000082000000, size: 2016 MB, Compressed Oops mode: 32-bit

CDS archive(s) mapped at: [0x000001f116000000-0x000001f116d40000-0x000001f116d40000), size 13893632, SharedBaseAddress: 0x000001f116000000, ArchiveRelocationMode: 1.
Compressed class space mapped at: 0x000001f117000000-0x000001f157000000, reserved size: 1073741824
UseCompressedClassPointers 1, UseCompactObjectHeaders 0
Narrow klass pointer bits 32, Max shift 3
Narrow klass base: 0x000001f116000000, Narrow klass shift: 0
Encoding Range: [0x000001f116000000 - 0x000001f216000000), (4294967296 bytes)
Klass Range:    [0x000001f116000000 - 0x000001f157000000), (1090519040 bytes)
Klass ID Range:  [8 - 1090519033) (1090519025)

GC Precious Log:
 CardTable entry size: 512
 Card Set container configuration: InlinePtr #cards 5 size 8 Array Of Cards #cards 10 size 36 Howl #buckets 4 coarsen threshold 1843 Howl Bitmap #cards 512 size 80 coarsen threshold 460 Card regions per heap region 1 cards per card region 2048
 CPUs: 12 total, 12 available
 Memory: 8061M
 Large Page Support: Disabled
 NUMA Support: Disabled
 Compressed Oops: Enabled (32-bit)
 Heap Region Size: 1M
 Heap Min Capacity: 8M
 Heap Initial Capacity: 126M
 Heap Max Capacity: 2016M
 Pre-touch: Disabled
 Parallel Workers: 10
 Concurrent Workers: 3
 Concurrent Refinement Workers: 10
 Periodic GC: Disabled

Heap:
 garbage-first heap   total reserved 2064384K, committed 61440K, used 46946K [0x0000000082000000, 0x0000000100000000)
  region size 1024K, 19 young (19456K), 4 survivors (4096K)
 Metaspace       used 69967K, committed 70592K, reserved 1114112K
  class space    used 7656K, committed 7936K, reserved 1048576K

Heap Regions: E=young(eden), S=young(survivor), O=old, HS=humongous(starts), HC=humongous(continues), CS=collection set, F=free, TAMS=top-at-mark-start, PB=parsable bottom
|   0|0x0000000082000000, 0x0000000082100000, 0x0000000082100000|100%|HS|  |TAMS 0x0000000082000000| PB 0x0000000082000000| Complete |  0
|   1|0x0000000082100000, 0x0000000082200000, 0x0000000082200000|100%|HS|  |TAMS 0x0000000082100000| PB 0x0000000082100000| Complete |  0
|   2|0x0000000082200000, 0x0000000082300000, 0x0000000082300000|100%| O|  |TAMS 0x0000000082200000| PB 0x0000000082200000| Untracked |  0
|   3|0x0000000082300000, 0x0000000082400000, 0x0000000082400000|100%| O|  |TAMS 0x0000000082300000| PB 0x0000000082300000| Untracked |  0
|   4|0x0000000082400000, 0x0000000082500000, 0x0000000082500000|100%| O|  |TAMS 0x0000000082400000| PB 0x0000000082400000| Untracked |  0
|   5|0x0000000082500000, 0x0000000082600000, 0x0000000082600000|100%| O|  |TAMS 0x0000000082500000| PB 0x0000000082500000| Untracked |  0
|   6|0x0000000082600000, 0x0000000082700000, 0x0000000082700000|100%| O|  |TAMS 0x0000000082600000| PB 0x0000000082600000| Untracked |  0
|   7|0x0000000082700000, 0x0000000082800000, 0x0000000082800000|100%| O|  |TAMS 0x0000000082700000| PB 0x0000000082700000| Untracked |  0
|   8|0x0000000082800000, 0x0000000082900000, 0x0000000082900000|100%| O|  |TAMS 0x0000000082800000| PB 0x0000000082800000| Untracked |  0
|   9|0x0000000082900000, 0x0000000082a00000, 0x0000000082a00000|100%| O|  |TAMS 0x0000000082900000| PB 0x0000000082900000| Untracked |  0
|  10|0x0000000082a00000, 0x0000000082b00000, 0x0000000082b00000|100%| O|  |TAMS 0x0000000082a00000| PB 0x0000000082a00000| Untracked |  0
|  11|0x0000000082b00000, 0x0000000082c00000, 0x0000000082c00000|100%| O|  |TAMS 0x0000000082b00000| PB 0x0000000082b00000| Untracked |  0
|  12|0x0000000082c00000, 0x0000000082d00000, 0x0000000082d00000|100%| O|  |TAMS 0x0000000082c00000| PB 0x0000000082c00000| Untracked |  0
|  13|0x0000000082d00000, 0x0000000082e00000, 0x0000000082e00000|100%| O|  |TAMS 0x0000000082d00000| PB 0x0000000082d00000| Untracked |  0
|  14|0x0000000082e00000, 0x0000000082f00000, 0x0000000082f00000|100%| O|  |TAMS 0x0000000082e00000| PB 0x0000000082e00000| Untracked |  0
|  15|0x0000000082f00000, 0x0000000083000000, 0x0000000083000000|100%| O|  |TAMS 0x0000000082f00000| PB 0x0000000082f00000| Untracked |  0
|  16|0x0000000083000000, 0x0000000083100000, 0x0000000083100000|100%| O|Cm|TAMS 0x0000000083000000| PB 0x0000000083000000| Complete |  0
|  17|0x0000000083100000, 0x0000000083200000, 0x0000000083200000|100%| O|  |TAMS 0x0000000083100000| PB 0x0000000083100000| Untracked |  0
|  18|0x0000000083200000, 0x0000000083300000, 0x0000000083300000|100%| O|  |TAMS 0x0000000083200000| PB 0x0000000083200000| Untracked |  0
|  19|0x0000000083300000, 0x0000000083400000, 0x0000000083400000|100%| O|  |TAMS 0x0000000083300000| PB 0x0000000083300000| Untracked |  0
|  20|0x0000000083400000, 0x0000000083500000, 0x0000000083500000|100%| O|  |TAMS 0x0000000083400000| PB 0x0000000083400000| Untracked |  0
|  21|0x0000000083500000, 0x0000000083600000, 0x0000000083600000|100%| O|  |TAMS 0x0000000083500000| PB 0x0000000083500000| Untracked |  0
|  22|0x0000000083600000, 0x0000000083700000, 0x0000000083700000|100%| O|  |TAMS 0x0000000083600000| PB 0x0000000083600000| Untracked |  0
|  23|0x0000000083700000, 0x0000000083800000, 0x0000000083800000|100%| O|  |TAMS 0x0000000083700000| PB 0x0000000083700000| Untracked |  0
|  24|0x0000000083800000, 0x0000000083900000, 0x0000000083900000|100%| O|Cm|TAMS 0x0000000083800000| PB 0x0000000083800000| Complete |  0
|  25|0x0000000083900000, 0x0000000083a00000, 0x0000000083a00000|100%| O|  |TAMS 0x0000000083900000| PB 0x0000000083900000| Untracked |  0
|  26|0x0000000083a00000, 0x0000000083a16c10, 0x0000000083b00000|  8%| O|  |TAMS 0x0000000083a00000| PB 0x0000000083a00000| Untracked |  0
|  27|0x0000000083b00000, 0x0000000083b00000, 0x0000000083c00000|  0%| F|  |TAMS 0x0000000083b00000| PB 0x0000000083b00000| Untracked |  0
|  28|0x0000000083c00000, 0x0000000083cc1e78, 0x0000000083d00000| 75%| S|CS|TAMS 0x0000000083c00000| PB 0x0000000083c00000| Complete |  0
|  29|0x0000000083d00000, 0x0000000083e00000, 0x0000000083e00000|100%| S|CS|TAMS 0x0000000083d00000| PB 0x0000000083d00000| Complete |  0
|  30|0x0000000083e00000, 0x0000000083f00000, 0x0000000083f00000|100%| O|  |TAMS 0x0000000083e00000| PB 0x0000000083e00000| Untracked |  0
|  31|0x0000000083f00000, 0x0000000084000000, 0x0000000084000000|100%| O|  |TAMS 0x0000000083f00000| PB 0x0000000083f00000| Untracked |  0
|  32|0x0000000084000000, 0x0000000084000000, 0x0000000084100000|  0%| F|  |TAMS 0x0000000084000000| PB 0x0000000084000000| Untracked |  0
|  33|0x0000000084100000, 0x0000000084100000, 0x0000000084200000|  0%| F|  |TAMS 0x0000000084100000| PB 0x0000000084100000| Untracked |  0
|  34|0x0000000084200000, 0x0000000084200000, 0x0000000084300000|  0%| F|  |TAMS 0x0000000084200000| PB 0x0000000084200000| Untracked |  0
|  35|0x0000000084300000, 0x0000000084300000, 0x0000000084400000|  0%| F|  |TAMS 0x0000000084300000| PB 0x0000000084300000| Untracked |  0
|  36|0x0000000084400000, 0x0000000084500000, 0x0000000084500000|100%| S|CS|TAMS 0x0000000084400000| PB 0x0000000084400000| Complete |  0
|  37|0x0000000084500000, 0x0000000084600000, 0x0000000084600000|100%| S|CS|TAMS 0x0000000084500000| PB 0x0000000084500000| Complete |  0
|  38|0x0000000084600000, 0x0000000084600000, 0x0000000084700000|  0%| F|  |TAMS 0x0000000084600000| PB 0x0000000084600000| Untracked |  0
|  39|0x0000000084700000, 0x0000000084700000, 0x0000000084800000|  0%| F|  |TAMS 0x0000000084700000| PB 0x0000000084700000| Untracked |  0
|  40|0x0000000084800000, 0x0000000084800000, 0x0000000084900000|  0%| F|  |TAMS 0x0000000084800000| PB 0x0000000084800000| Untracked |  0
|  41|0x0000000084900000, 0x0000000084900000, 0x0000000084a00000|  0%| F|  |TAMS 0x0000000084900000| PB 0x0000000084900000| Untracked |  0
|  42|0x0000000084a00000, 0x0000000084a00000, 0x0000000084b00000|  0%| F|  |TAMS 0x0000000084a00000| PB 0x0000000084a00000| Untracked |  0
|  43|0x0000000084b00000, 0x0000000084b00000, 0x0000000084c00000|  0%| F|  |TAMS 0x0000000084b00000| PB 0x0000000084b00000| Untracked |  0
|  44|0x0000000084c00000, 0x0000000084c20550, 0x0000000084d00000| 12%| E|  |TAMS 0x0000000084c00000| PB 0x0000000084c00000| Complete |  0
|  45|0x0000000084d00000, 0x0000000084e00000, 0x0000000084e00000|100%| E|CS|TAMS 0x0000000084d00000| PB 0x0000000084d00000| Complete |  0
|  46|0x0000000084e00000, 0x0000000084f00000, 0x0000000084f00000|100%| E|CS|TAMS 0x0000000084e00000| PB 0x0000000084e00000| Complete |  0
|  47|0x0000000084f00000, 0x0000000085000000, 0x0000000085000000|100%| E|CS|TAMS 0x0000000084f00000| PB 0x0000000084f00000| Complete |  0
|  48|0x0000000085000000, 0x0000000085100000, 0x0000000085100000|100%| E|CS|TAMS 0x0000000085000000| PB 0x0000000085000000| Complete |  0
|  49|0x0000000085100000, 0x0000000085200000, 0x0000000085200000|100%| E|CS|TAMS 0x0000000085100000| PB 0x0000000085100000| Complete |  0
|  50|0x0000000085200000, 0x0000000085300000, 0x0000000085300000|100%| E|CS|TAMS 0x0000000085200000| PB 0x0000000085200000| Complete |  0
|  51|0x0000000085300000, 0x0000000085400000, 0x0000000085400000|100%| E|CS|TAMS 0x0000000085300000| PB 0x0000000085300000| Complete |  0
|  52|0x0000000085400000, 0x0000000085500000, 0x0000000085500000|100%| E|CS|TAMS 0x0000000085400000| PB 0x0000000085400000| Complete |  0
|  53|0x0000000085500000, 0x0000000085600000, 0x0000000085600000|100%| E|CS|TAMS 0x0000000085500000| PB 0x0000000085500000| Complete |  0
|  90|0x0000000087a00000, 0x0000000087b00000, 0x0000000087b00000|100%| E|CS|TAMS 0x0000000087a00000| PB 0x0000000087a00000| Complete |  0
|  91|0x0000000087b00000, 0x0000000087c00000, 0x0000000087c00000|100%| E|CS|TAMS 0x0000000087b00000| PB 0x0000000087b00000| Complete |  0
|  92|0x0000000087c00000, 0x0000000087d00000, 0x0000000087d00000|100%| E|CS|TAMS 0x0000000087c00000| PB 0x0000000087c00000| Complete |  0
| 125|0x0000000089d00000, 0x0000000089e00000, 0x0000000089e00000|100%| E|  |TAMS 0x0000000089d00000| PB 0x0000000089d00000| Complete |  0
|2014|0x00000000ffe00000, 0x00000000fff00000, 0x00000000fff00000|100%| O|  |TAMS 0x00000000ffe00000| PB 0x00000000ffe00000| Untracked |  0
|2015|0x00000000fff00000, 0x0000000100000000, 0x0000000100000000|100%| E|CS|TAMS 0x00000000fff00000| PB 0x00000000fff00000| Complete |  0

Card table byte_map: [0x000001f110a70000,0x000001f110e60000] _byte_map_base: 0x000001f110660000

Marking Bits: (CMBitMap*) 0x000001f10396a7f0
 Bits: [0x000001f110e60000, 0x000001f112de0000)

Polling page: 0x000001f103310000

Metaspace:

Usage:
  Non-class:     60.85 MB used.
      Class:      7.48 MB used.
       Both:     68.33 MB used.

Virtual space:
  Non-class space:       64.00 MB reserved,      61.19 MB ( 96%) committed,  1 nodes.
      Class space:        1.00 GB reserved,       7.75 MB ( <1%) committed,  1 nodes.
             Both:        1.06 GB reserved,      68.94 MB (  6%) committed. 

Chunk freelists:
   Non-Class:  2.33 MB
       Class:  8.07 MB
        Both:  10.40 MB

MaxMetaspaceSize: unlimited
CompressedClassSpaceSize: 1.00 GB
Initial GC threshold: 21.00 MB
Current GC threshold: 113.06 MB
CDS: on
 - commit_granule_bytes: 65536.
 - commit_granule_words: 8192.
 - virtual_space_node_default_size: 8388608.
 - enlarge_chunks_in_place: 1.
UseCompressedClassPointers 1, UseCompactObjectHeaders 0
Narrow klass pointer bits 32, Max shift 3
Narrow klass base: 0x000001f116000000, Narrow klass shift: 0
Encoding Range: [0x000001f116000000 - 0x000001f216000000), (4294967296 bytes)
Klass Range:    [0x000001f116000000 - 0x000001f157000000), (1090519040 bytes)
Klass ID Range:  [8 - 1090519033) (1090519025)


Internal statistics:

num_allocs_failed_limit: 9.
num_arena_births: 840.
num_arena_deaths: 0.
num_vsnodes_births: 2.
num_vsnodes_deaths: 0.
num_space_committed: 1103.
num_space_uncommitted: 0.
num_chunks_returned_to_freelist: 9.
num_chunks_taken_from_freelist: 3112.
num_chunk_merges: 9.
num_chunk_splits: 2292.
num_chunks_enlarged: 1865.
num_inconsistent_stats: 0.

CodeCache: size=49152Kb used=8771Kb max_used=9857Kb free=40380Kb
 bounds [0x000001f10ce00000, 0x000001f10d7b0000, 0x000001f10fe00000]
 total_blobs=6667, nmethods=5986, adapters=607, full_count=0
Compilation: enabled, stopped_count=0, restarted_count=0

Compilation events (20 events):
Event: 81.954 Thread 0x000001f115a1fcd0 6071       1       org.apache.catalina.LifecycleEvent::getType (5 bytes)
Event: 81.954 Thread 0x000001f115a1fcd0 nmethod 6071 0x000001f10d0eb888 code [0x000001f10d0eb980, 0x000001f10d0eba48]
Event: 84.118 Thread 0x000001f115a1fcd0 6072       1       java.util.concurrent.locks.AbstractQueuedSynchronizer$Node::<init> (5 bytes)
Event: 84.118 Thread 0x000001f115a1fcd0 nmethod 6072 0x000001f10d0eb588 code [0x000001f10d0eb680, 0x000001f10d0eb740]
Event: 87.118 Thread 0x000001f115a1fcd0 6073       1       java.util.concurrent.locks.AbstractQueuedSynchronizer$Node::clearStatus (12 bytes)
Event: 87.118 Thread 0x000001f115a1fcd0 nmethod 6073 0x000001f10d0eb288 code [0x000001f10d0eb380, 0x000001f10d0eb458]
Event: 87.118 Thread 0x000001f115a1fcd0 6074       1       jdk.internal.misc.Unsafe::putIntOpaque (9 bytes)
Event: 87.118 Thread 0x000001f115a1fcd0 nmethod 6074 0x000001f10d0eaf88 code [0x000001f10d0eb080, 0x000001f10d0eb150]
Event: 89.119 Thread 0x000001f115a1fcd0 6075   !   1       java.util.concurrent.locks.AbstractQueuedSynchronizer::acquire (448 bytes)
Event: 89.121 Thread 0x000001f115a1fcd0 nmethod 6075 0x000001f10d0e9d88 code [0x000001f10d0e9fe0, 0x000001f10d0eaef0]
Event: 91.951 Thread 0x000001f115a1fcd0 6076   !   1       java.util.concurrent.locks.AbstractQueuedSynchronizer$ConditionObject::newConditionNode (78 bytes)
Event: 91.952 Thread 0x000001f115a1fcd0 nmethod 6076 0x000001f10d0e9808 code [0x000001f10d0e99a0, 0x000001f10d0e9d38]
Event: 91.952 Thread 0x000001f115a1fcd0 6077   !   1       java.util.concurrent.locks.AbstractQueuedSynchronizer::tryInitializeHead (66 bytes)
Event: 91.953 Thread 0x000001f115a1fcd0 nmethod 6077 0x000001f10d0e9388 code [0x000001f10d0e94c0, 0x000001f10d0e9788]
Event: 91.953 Thread 0x000001f115a1fcd0 6078       1       java.util.concurrent.locks.AbstractQueuedSynchronizer$ConditionNode::<init> (5 bytes)
Event: 91.953 Thread 0x000001f115a1fcd0 nmethod 6078 0x000001f10d0e9088 code [0x000001f10d0e9180, 0x000001f10d0e9240]
Event: 91.953 Thread 0x000001f115a1fcd0 6079       1       java.util.concurrent.locks.AbstractQueuedSynchronizer$ConditionObject::enableWait (84 bytes)
Event: 91.953 Thread 0x000001f115a1fcd0 nmethod 6079 0x000001f10d0e8a88 code [0x000001f10d0e8c00, 0x000001f10d0e9028]
Event: 91.953 Thread 0x000001f115a1fcd0 6080       1       java.util.concurrent.locks.AbstractQueuedSynchronizer$Node::setStatusRelaxed (12 bytes)
Event: 91.953 Thread 0x000001f115a1fcd0 nmethod 6080 0x000001f10d0e8788 code [0x000001f10d0e8880, 0x000001f10d0e8950]

GC Heap History (20 events):
Event: 7.126 GC heap before
{Heap before GC invocations=6 (full 0):
 garbage-first heap   total reserved 2064384K, committed 51200K, used 39680K [0x0000000082000000, 0x0000000100000000)
  region size 1024K, 22 young (22528K), 2 survivors (2048K)
 Metaspace       used 32525K, committed 32896K, reserved 1114112K
  class space    used 3367K, committed 3520K, reserved 1048576K
}
Event: 7.133 GC heap after
{Heap after GC invocations=7 (full 0):
 garbage-first heap   total reserved 2064384K, committed 51200K, used 20699K [0x0000000082000000, 0x0000000100000000)
  region size 1024K, 3 young (3072K), 3 survivors (3072K)
 Metaspace       used 32525K, committed 32896K, reserved 1114112K
  class space    used 3367K, committed 3520K, reserved 1048576K
}
Event: 7.809 GC heap before
{Heap before GC invocations=7 (full 0):
 garbage-first heap   total reserved 2064384K, committed 51200K, used 41179K [0x0000000082000000, 0x0000000100000000)
  region size 1024K, 23 young (23552K), 3 survivors (3072K)
 Metaspace       used 35511K, committed 35968K, reserved 1114112K
  class space    used 3733K, committed 3904K, reserved 1048576K
}
Event: 7.817 GC heap after
{Heap after GC invocations=8 (full 0):
 garbage-first heap   total reserved 2064384K, committed 51200K, used 22621K [0x0000000082000000, 0x0000000100000000)
  region size 1024K, 2 young (2048K), 2 survivors (2048K)
 Metaspace       used 35511K, committed 35968K, reserved 1114112K
  class space    used 3733K, committed 3904K, reserved 1048576K
}
Event: 7.857 GC heap before
{Heap before GC invocations=8 (full 0):
 garbage-first heap   total reserved 2064384K, committed 51200K, used 23645K [0x0000000082000000, 0x0000000100000000)
  region size 1024K, 4 young (4096K), 2 survivors (2048K)
 Metaspace       used 35714K, committed 36096K, reserved 1114112K
  class space    used 3748K, committed 3904K, reserved 1048576K
}
Event: 7.861 GC heap after
{Heap after GC invocations=9 (full 0):
 garbage-first heap   total reserved 2064384K, committed 61440K, used 22897K [0x0000000082000000, 0x0000000100000000)
  region size 1024K, 1 young (1024K), 1 survivors (1024K)
 Metaspace       used 35714K, committed 36096K, reserved 1114112K
  class space    used 3748K, committed 3904K, reserved 1048576K
}
Event: 8.832 GC heap before
{Heap before GC invocations=10 (full 0):
 garbage-first heap   total reserved 2064384K, committed 61440K, used 50545K [0x0000000082000000, 0x0000000100000000)
  region size 1024K, 29 young (29696K), 1 survivors (1024K)
 Metaspace       used 41082K, committed 41472K, reserved 1114112K
  class space    used 4283K, committed 4416K, reserved 1048576K
}
Event: 8.839 GC heap after
{Heap after GC invocations=11 (full 0):
 garbage-first heap   total reserved 2064384K, committed 61440K, used 24376K [0x0000000082000000, 0x0000000100000000)
  region size 1024K, 2 young (2048K), 2 survivors (2048K)
 Metaspace       used 41082K, committed 41472K, reserved 1114112K
  class space    used 4283K, committed 4416K, reserved 1048576K
}
Event: 9.856 GC heap before
{Heap before GC invocations=11 (full 0):
 garbage-first heap   total reserved 2064384K, committed 61440K, used 53048K [0x0000000082000000, 0x0000000100000000)
  region size 1024K, 30 young (30720K), 2 survivors (2048K)
 Metaspace       used 46799K, committed 47232K, reserved 1114112K
  class space    used 4956K, committed 5184K, reserved 1048576K
}
Event: 9.863 GC heap after
{Heap after GC invocations=12 (full 0):
 garbage-first heap   total reserved 2064384K, committed 61440K, used 25940K [0x0000000082000000, 0x0000000100000000)
  region size 1024K, 4 young (4096K), 4 survivors (4096K)
 Metaspace       used 46799K, committed 47232K, reserved 1114112K
  class space    used 4956K, committed 5184K, reserved 1048576K
}
Event: 10.677 GC heap before
{Heap before GC invocations=12 (full 0):
 garbage-first heap   total reserved 2064384K, committed 61440K, used 52564K [0x0000000082000000, 0x0000000100000000)
  region size 1024K, 31 young (31744K), 4 survivors (4096K)
 Metaspace       used 53923K, committed 54400K, reserved 1114112K
  class space    used 5673K, committed 5888K, reserved 1048576K
}
Event: 10.684 GC heap after
{Heap after GC invocations=13 (full 0):
 garbage-first heap   total reserved 2064384K, committed 61440K, used 27025K [0x0000000082000000, 0x0000000100000000)
  region size 1024K, 3 young (3072K), 3 survivors (3072K)
 Metaspace       used 53923K, committed 54400K, reserved 1114112K
  class space    used 5673K, committed 5888K, reserved 1048576K
}
Event: 11.411 GC heap before
{Heap before GC invocations=13 (full 0):
 garbage-first heap   total reserved 2064384K, committed 61440K, used 51601K [0x0000000082000000, 0x0000000100000000)
  region size 1024K, 28 young (28672K), 3 survivors (3072K)
 Metaspace       used 59843K, committed 60288K, reserved 1114112K
  class space    used 6391K, committed 6592K, reserved 1048576K
}
Event: 11.418 GC heap after
{Heap after GC invocations=14 (full 0):
 garbage-first heap   total reserved 2064384K, committed 61440K, used 28001K [0x0000000082000000, 0x0000000100000000)
  region size 1024K, 2 young (2048K), 2 survivors (2048K)
 Metaspace       used 59843K, committed 60288K, reserved 1114112K
  class space    used 6391K, committed 6592K, reserved 1048576K
}
Event: 12.132 GC heap before
{Heap before GC invocations=15 (full 0):
 garbage-first heap   total reserved 2064384K, committed 61440K, used 55649K [0x0000000082000000, 0x0000000100000000)
  region size 1024K, 29 young (29696K), 2 survivors (2048K)
 Metaspace       used 63748K, committed 64256K, reserved 1114112K
  class space    used 6871K, committed 7104K, reserved 1048576K
}
Event: 12.138 GC heap after
{Heap after GC invocations=16 (full 0):
 garbage-first heap   total reserved 2064384K, committed 61440K, used 30085K [0x0000000082000000, 0x0000000100000000)
  region size 1024K, 4 young (4096K), 4 survivors (4096K)
 Metaspace       used 63748K, committed 64256K, reserved 1114112K
  class space    used 6871K, committed 7104K, reserved 1048576K
}
Event: 13.192 GC heap before
{Heap before GC invocations=16 (full 0):
 garbage-first heap   total reserved 2064384K, committed 61440K, used 52613K [0x0000000082000000, 0x0000000100000000)
  region size 1024K, 27 young (27648K), 4 survivors (4096K)
 Metaspace       used 66506K, committed 67072K, reserved 1114112K
  class space    used 7202K, committed 7424K, reserved 1048576K
}
Event: 13.197 GC heap after
{Heap after GC invocations=17 (full 0):
 garbage-first heap   total reserved 2064384K, committed 61440K, used 31760K [0x0000000082000000, 0x0000000100000000)
  region size 1024K, 4 young (4096K), 4 survivors (4096K)
 Metaspace       used 66506K, committed 67072K, reserved 1114112K
  class space    used 7202K, committed 7424K, reserved 1048576K
}
Event: 14.406 GC heap before
{Heap before GC invocations=17 (full 0):
 garbage-first heap   total reserved 2064384K, committed 61440K, used 53264K [0x0000000082000000, 0x0000000100000000)
  region size 1024K, 25 young (25600K), 4 survivors (4096K)
 Metaspace       used 68845K, committed 69440K, reserved 1114112K
  class space    used 7504K, committed 7744K, reserved 1048576K
}
Event: 14.411 GC heap after
{Heap after GC invocations=18 (full 0):
 garbage-first heap   total reserved 2064384K, committed 61440K, used 33634K [0x0000000082000000, 0x0000000100000000)
  region size 1024K, 4 young (4096K), 4 survivors (4096K)
 Metaspace       used 68845K, committed 69440K, reserved 1114112K
  class space    used 7504K, committed 7744K, reserved 1048576K
}

Dll operation events (13 events):
Event: 0.044 Loaded shared library C:\Program Files\Java\jdk-24\bin\java.dll
Event: 0.046 Loaded shared library C:\Program Files\Java\jdk-24\bin\zip.dll
Event: 1.254 Loaded shared library C:\Program Files\Java\jdk-24\bin\instrument.dll
Event: 1.378 Loaded shared library C:\Program Files\Java\jdk-24\bin\jimage.dll
Event: 1.419 Loaded shared library C:\Program Files\Java\jdk-24\bin\net.dll
Event: 1.422 Loaded shared library C:\Program Files\Java\jdk-24\bin\nio.dll
Event: 1.450 Loaded shared library C:\Program Files\Java\jdk-24\bin\zip.dll
Event: 1.788 Loaded shared library C:\Program Files\Java\jdk-24\bin\management.dll
Event: 1.825 Loaded shared library C:\Program Files\Java\jdk-24\bin\management_ext.dll
Event: 2.475 Loaded shared library C:\Program Files\Java\jdk-24\bin\extnet.dll
Event: 4.850 Loaded shared library C:\Program Files\Java\jdk-24\bin\sunmscapi.dll
Event: 9.321 Loaded shared library C:\Program Files\Java\jdk-24\bin\verify.dll
Event: 91.951 Loaded shared library C:\Users\frost\AppData\Local\Temp\idea_libasyncProfiler_dll_temp_folder1\libasyncProfiler.dll

Deoptimization events (20 events):
Event: 14.934 Thread 0x000001f103d9af30 DEOPT PACKING pc=0x000001f10d497274 sp=0x0000008d9abfe640
Event: 14.934 Thread 0x000001f103d9af30 DEOPT UNPACKING pc=0x000001f10ce55722 sp=0x0000008d9abfdb48 mode 1
Event: 14.934 Thread 0x000001f103d9af30 DEOPT PACKING pc=0x000001f10d64a634 sp=0x0000008d9abfe700
Event: 14.934 Thread 0x000001f103d9af30 DEOPT UNPACKING pc=0x000001f10ce55722 sp=0x0000008d9abfdbd0 mode 1
Event: 14.934 Thread 0x000001f103d9af30 DEOPT PACKING pc=0x000001f10d497274 sp=0x0000008d9abfe630
Event: 14.934 Thread 0x000001f103d9af30 DEOPT UNPACKING pc=0x000001f10ce55722 sp=0x0000008d9abfdb50 mode 1
Event: 14.941 Thread 0x000001f103d9af30 DEOPT PACKING pc=0x000001f10d497274 sp=0x0000008d9abfe640
Event: 14.941 Thread 0x000001f103d9af30 DEOPT UNPACKING pc=0x000001f10ce55722 sp=0x0000008d9abfdb48 mode 1
Event: 14.941 Thread 0x000001f103d9af30 DEOPT PACKING pc=0x000001f10d64a634 sp=0x0000008d9abfe700
Event: 14.941 Thread 0x000001f103d9af30 DEOPT UNPACKING pc=0x000001f10ce55722 sp=0x0000008d9abfdbd0 mode 1
Event: 14.941 Thread 0x000001f103d9af30 DEOPT PACKING pc=0x000001f10d497274 sp=0x0000008d9abfe630
Event: 14.941 Thread 0x000001f103d9af30 DEOPT UNPACKING pc=0x000001f10ce55722 sp=0x0000008d9abfdb50 mode 1
Event: 14.946 Thread 0x000001f103d9af30 DEOPT PACKING pc=0x000001f10d497274 sp=0x0000008d9abfedf0
Event: 14.946 Thread 0x000001f103d9af30 DEOPT UNPACKING pc=0x000001f10ce55722 sp=0x0000008d9abfe2f8 mode 1
Event: 14.946 Thread 0x000001f103d9af30 DEOPT PACKING pc=0x000001f10d63f6dc sp=0x0000008d9abfeeb0
Event: 14.946 Thread 0x000001f103d9af30 DEOPT UNPACKING pc=0x000001f10ce55722 sp=0x0000008d9abfe380 mode 1
Event: 14.946 Thread 0x000001f103d9af30 DEOPT PACKING pc=0x000001f10d497274 sp=0x0000008d9abfedf0
Event: 14.946 Thread 0x000001f103d9af30 DEOPT UNPACKING pc=0x000001f10ce55722 sp=0x0000008d9abfe2f8 mode 1
Event: 14.946 Thread 0x000001f103d9af30 DEOPT PACKING pc=0x000001f10d63f6dc sp=0x0000008d9abfeeb0
Event: 14.946 Thread 0x000001f103d9af30 DEOPT UNPACKING pc=0x000001f10ce55722 sp=0x0000008d9abfe380 mode 1

Classes loaded (20 events):
Event: 15.164 Loading class java/util/IdentityHashMap$IdentityHashMapSpliterator done
Event: 15.164 Loading class java/util/IdentityHashMap$KeySpliterator done
Event: 15.166 Loading class org/springframework/boot/SpringApplication
Event: 15.166 Loading class org/springframework/boot/SpringApplication done
Event: 15.166 Loading class org/springframework/boot/ApplicationArguments
Event: 15.166 Loading class org/springframework/boot/ApplicationArguments done
Event: 15.166 Loading class org/springframework/boot/Runner
Event: 15.166 Loading class org/springframework/boot/Runner done
Event: 15.169 Loading class org/springframework/context/ConfigurableApplicationContext
Event: 15.169 Loading class org/springframework/context/ConfigurableApplicationContext done
Event: 15.169 Loading class org/springframework/context/ConfigurableApplicationContext
Event: 15.169 Loading class org/springframework/context/ConfigurableApplicationContext done
Event: 15.600 Loading class com/sun/jmx/remote/util/OrderClassLoaders
Event: 15.600 Loading class com/sun/jmx/remote/util/OrderClassLoaders done
Event: 15.601 Loading class java/rmi/MarshalledObject$MarshalledObjectInputStream
Event: 15.601 Loading class java/rmi/MarshalledObject$MarshalledObjectInputStream done
Event: 21.941 Loading class org/apache/catalina/webresources/CachedResource
Event: 21.941 Loading class org/apache/catalina/webresources/CachedResource done
Event: 21.943 Loading class org/apache/tomcat/PeriodicEventListener
Event: 21.943 Loading class org/apache/tomcat/PeriodicEventListener done

Classes unloaded (0 events):
No events

Classes redefined (1 events):
Event: 1.314 Thread 0x000001f1159fba00 redefined class name=java.lang.Throwable, count=1

Internal exceptions (20 events):
Event: 11.544 Thread 0x000001f103d9af30 Exception <a 'java/io/IOException'{0x000000008559bca0}> (0x000000008559bca0) 
thrown [s\open\src\hotspot\share\prims\jni.cpp, line 518]
Event: 11.546 Thread 0x000001f103d9af30 Exception <a 'java/io/IOException'{0x00000000855a50b8}> (0x00000000855a50b8) 
thrown [s\open\src\hotspot\share\prims\jni.cpp, line 518]
Event: 11.547 Thread 0x000001f103d9af30 Exception <a 'java/lang/IncompatibleClassChangeError'{0x00000000855acce8}: Found class java.lang.Object, but interface was expected> (0x00000000855acce8) 
thrown [s\open\src\hotspot\share\interpreter\linkResolver.cpp, line 872]
Event: 11.720 Thread 0x000001f103d9af30 Exception <a 'java/lang/IncompatibleClassChangeError'{0x0000000084b512f0}: Found class java.lang.Object, but interface was expected> (0x0000000084b512f0) 
thrown [s\open\src\hotspot\share\interpreter\linkResolver.cpp, line 872]
Event: 11.811 Thread 0x000001f103d9af30 Exception <a 'java/lang/IncompatibleClassChangeError'{0x0000000084756aa0}: Found class java.lang.Object, but interface was expected> (0x0000000084756aa0) 
thrown [s\open\src\hotspot\share\interpreter\linkResolver.cpp, line 872]
Event: 11.812 Thread 0x000001f103d9af30 Exception <a 'java/lang/IncompatibleClassChangeError'{0x0000000084766e40}: Found class java.lang.Object, but interface was expected> (0x0000000084766e40) 
thrown [s\open\src\hotspot\share\interpreter\linkResolver.cpp, line 872]
Event: 11.918 Thread 0x000001f103d9af30 Exception <a 'java/lang/NoSuchMethodError'{0x00000000843c9a18}: 'long java.lang.invoke.DirectMethodHandle$Holder.invokeVirtual(java.lang.Object, java.lang.Object)'> (0x00000000843c9a18) 
thrown [s\open\src\hotspot\share\interpreter\linkResolver.cpp, line 805]
Event: 12.257 Thread 0x000001f103d9af30 Exception <a 'java/lang/NoSuchMethodError'{0x0000000089d98e20}: 'java.lang.Object java.lang.invoke.DirectMethodHandle$Holder.newInvokeSpecial(java.lang.Object, java.lang.Object, java.lang.Object, java.lang.Object, java.lang.Object, java.lang.Object, java.lang.Object, java.lang.Object)'> (0x0000000089d98e20) 
thrown [s\open\src\hotspot\share\interpreter\linkResolver.cpp, line 805]
Event: 12.520 Thread 0x000001f103d9af30 Exception <a 'java/lang/NoSuchMethodError'{0x00000000850d9480}: 'java.lang.Object java.lang.invoke.DirectMethodHandle$Holder.invokeVirtual(java.lang.Object, java.lang.Object, java.lang.Object, java.lang.Object, java.lang.Object, java.lang.Object, java.lang.Object)'> (0x00000000850d9480) 
thrown [s\open\src\hotspot\share\interpreter\linkResolver.cpp, line 805]
Event: 12.944 Thread 0x000001f103d9af30 Exception <a 'java/io/IOException'{0x0000000084800fa8}> (0x0000000084800fa8) 
thrown [s\open\src\hotspot\share\prims\jni.cpp, line 518]
Event: 13.342 Thread 0x000001f103d9af30 Exception <a 'java/lang/IncompatibleClassChangeError'{0x0000000087a5e5d8}: Found class java.lang.Object, but interface was expected> (0x0000000087a5e5d8) 
thrown [s\open\src\hotspot\share\interpreter\linkResolver.cpp, line 872]
Event: 13.867 Thread 0x000001f103d9af30 Exception <a 'java/lang/NoSuchMethodError'{0x0000000084ebf650}: 'void java.lang.invoke.DirectMethodHandle$Holder.invokeVirtual(java.lang.Object, java.lang.Object, long)'> (0x0000000084ebf650) 
thrown [s\open\src\hotspot\share\interpreter\linkResolver.cpp, line 805]
Event: 14.037 Thread 0x000001f103d9af30 Exception <a 'java/lang/NoSuchMethodError'{0x0000000084b9e640}: 'int java.lang.invoke.DirectMethodHandle$Holder.invokeStaticInit(java.lang.Object, java.lang.Object, java.lang.Object, java.lang.Object)'> (0x0000000084b9e640) 
thrown [s\open\src\hotspot\share\interpreter\linkResolver.cpp, line 805]
Event: 14.343 Thread 0x000001f103d9af30 Exception <a 'java/lang/NoSuchMethodError'{0x00000000847dce20}: 'java.lang.Object java.lang.invoke.DirectMethodHandle$Holder.invokeVirtual(java.lang.Object, java.lang.Object, java.lang.Object, java.lang.Object, java.lang.Object, java.lang.Object, java.lang.Object, java.lang.Object, java.lang.Object)'> (0x00000000847dce20) 
thrown [s\open\src\hotspot\share\interpreter\linkResolver.cpp, line 805]
Event: 14.505 Thread 0x000001f103d9af30 Exception <a 'java/lang/NoSuchMethodError'{0x0000000089d0b048}: 'java.lang.Object java.lang.invoke.DirectMethodHandle$Holder.invokeVirtual(java.lang.Object, java.lang.Object, java.lang.Object, java.lang.Object, java.lang.Object, java.lang.Object, java.lang.Object, java.lang.Object, java.lang.Object, java.lang.Object)'> (0x0000000089d0b048) 
thrown [s\open\src\hotspot\share\interpreter\linkResolver.cpp, line 805]
Event: 14.602 Thread 0x000001f103d9af30 Exception <a 'java/lang/NoSuchMethodError'{0x0000000087cde220}: 'java.lang.Object java.lang.invoke.DirectMethodHandle$Holder.invokeStatic(java.lang.Object, java.lang.Object, java.lang.Object, java.lang.Object, java.lang.Object, java.lang.Object, java.lang.Object, java.lang.Object, java.lang.Object, java.lang.Object, java.lang.Object)'> (0x0000000087cde220) 
thrown [s\open\src\hotspot\share\interpreter\linkResolver.cpp, line 805]
Event: 14.613 Thread 0x000001f103d9af30 Exception <a 'java/lang/NoSuchMethodError'{0x0000000087b12e50}: 'java.lang.Object java.lang.invoke.DirectMethodHandle$Holder.invokeStatic(java.lang.Object, java.lang.Object, java.lang.Object, java.lang.Object, java.lang.Object, java.lang.Object, java.lang.Object, java.lang.Object, java.lang.Object, java.lang.Object, java.lang.Object, java.lang.Object)'> (0x0000000087b12e50) 
thrown [s\open\src\hotspot\share\interpreter\linkResolver.cpp, line 805]
Event: 14.743 Thread 0x000001f103d9af30 Exception <a 'java/lang/IncompatibleClassChangeError'{0x0000000085512b90}: Found class java.lang.Object, but interface was expected> (0x0000000085512b90) 
thrown [s\open\src\hotspot\share\interpreter\linkResolver.cpp, line 872]
Event: 15.006 Thread 0x000001f103d9af30 Exception <a 'java/lang/NoSuchMethodError'{0x000000008502e468}: 'java.lang.Object java.lang.invoke.DirectMethodHandle$Holder.newInvokeSpecial(java.lang.Object, java.lang.Object, int, java.lang.Object, java.lang.Object)'> (0x000000008502e468) 
thrown [s\open\src\hotspot\share\interpreter\linkResolver.cpp, line 805]
Event: 15.590 Thread 0x000001f15c134750 Exception <a 'java/lang/NoSuchMethodError'{0x0000000084d1e270}: 'java.lang.Object java.lang.invoke.DirectMethodHandle$Holder.invokeInterface(java.lang.Object, java.lang.Object, java.lang.Object, java.lang.Object, java.lang.Object, java.lang.Object, java.lang.Object)'> (0x0000000084d1e270) 
thrown [s\open\src\hotspot\share\interpreter\linkResolver.cpp, line 805]

VM Operations (20 events):
Event: 13.106 Executing VM operation: HandshakeAllThreads (Deoptimize)
Event: 13.106 Executing VM operation: HandshakeAllThreads (Deoptimize) done
Event: 13.108 Executing VM operation: HandshakeAllThreads (Deoptimize)
Event: 13.108 Executing VM operation: HandshakeAllThreads (Deoptimize) done
Event: 13.192 Executing VM operation: G1CollectForAllocation (G1 Evacuation Pause)
Event: 13.197 Executing VM operation: G1CollectForAllocation (G1 Evacuation Pause) done
Event: 13.381 Executing VM operation: HandshakeAllThreads (Deoptimize)
Event: 13.381 Executing VM operation: HandshakeAllThreads (Deoptimize) done
Event: 13.954 Executing VM operation: HandshakeAllThreads (Deoptimize)
Event: 13.955 Executing VM operation: HandshakeAllThreads (Deoptimize) done
Event: 14.406 Executing VM operation: G1CollectForAllocation (G1 Evacuation Pause)
Event: 14.411 Executing VM operation: G1CollectForAllocation (G1 Evacuation Pause) done
Event: 14.434 Executing VM operation: G1PauseRemark
Event: 14.437 Executing VM operation: G1PauseRemark done
Event: 14.445 Executing VM operation: G1PauseCleanup
Event: 14.445 Executing VM operation: G1PauseCleanup done
Event: 60.054 Executing VM operation: HandshakeAllThreads (HandshakeForDeflation)
Event: 60.054 Executing VM operation: HandshakeAllThreads (HandshakeForDeflation) done
Event: 60.054 Executing VM operation: RendezvousGCThreads
Event: 60.054 Executing VM operation: RendezvousGCThreads done

Memory protections (0 events):
No events

Nmethod flushes (20 events):
Event: 14.436 Thread 0x000001f1159fba00 flushing  nmethod 0x000001f10d1d8508
Event: 14.436 Thread 0x000001f1159fba00 flushing  nmethod 0x000001f10d6c9708
Event: 14.436 Thread 0x000001f1159fba00 flushing  nmethod 0x000001f10d6f1188
Event: 14.436 Thread 0x000001f1159fba00 flushing  nmethod 0x000001f10d6f3b88
Event: 14.436 Thread 0x000001f1159fba00 flushing  nmethod 0x000001f10cf11808
Event: 14.436 Thread 0x000001f1159fba00 flushing  nmethod 0x000001f10d29ae08
Event: 14.436 Thread 0x000001f1159fba00 flushing  nmethod 0x000001f10d525208
Event: 14.436 Thread 0x000001f1159fba00 flushing  nmethod 0x000001f10d525588
Event: 14.436 Thread 0x000001f1159fba00 flushing  nmethod 0x000001f10d587788
Event: 14.436 Thread 0x000001f1159fba00 flushing  nmethod 0x000001f10d63da08
Event: 14.436 Thread 0x000001f1159fba00 flushing  nmethod 0x000001f10d63dd08
Event: 14.436 Thread 0x000001f1159fba00 flushing  nmethod 0x000001f10d4f1188
Event: 14.436 Thread 0x000001f1159fba00 flushing  nmethod 0x000001f10d579508
Event: 14.436 Thread 0x000001f1159fba00 flushing  nmethod 0x000001f10d6c2088
Event: 14.436 Thread 0x000001f1159fba00 flushing  nmethod 0x000001f10d100888
Event: 14.436 Thread 0x000001f1159fba00 flushing  nmethod 0x000001f10d52ca08
Event: 14.436 Thread 0x000001f1159fba00 flushing  nmethod 0x000001f10d5f7208
Event: 14.436 Thread 0x000001f1159fba00 flushing  nmethod 0x000001f10d64a288
Event: 14.436 Thread 0x000001f1159fba00 flushing  nmethod 0x000001f10d5a6208
Event: 14.436 Thread 0x000001f1159fba00 flushing  nmethod 0x000001f10d6e3508

Events (20 events):
Event: 15.053 Thread 0x000001f103d9af30 Thread added: 0x000001f160fc4960
Event: 15.053 Thread 0x000001f103d9af30 Thread added: 0x000001f160fc50b0
Event: 15.053 Thread 0x000001f103d9af30 Thread added: 0x000001f160fc5800
Event: 15.053 Thread 0x000001f103d9af30 Thread added: 0x000001f160fc3370
Event: 15.053 Thread 0x000001f103d9af30 Thread added: 0x000001f160fc24d0
Event: 15.053 Thread 0x000001f103d9af30 Thread added: 0x000001f160fc8b30
Event: 15.053 Thread 0x000001f103d9af30 Thread added: 0x000001f160fc7c90
Event: 15.053 Thread 0x000001f103d9af30 Thread added: 0x000001f160fc7540
Event: 15.110 Thread 0x000001f103d9af30 Thread added: 0x000001f160fc5f50
Event: 15.113 Thread 0x000001f103d9af30 Thread added: 0x000001f160fc9280
Event: 15.173 Thread 0x000001f103d9af30 Thread exited: 0x000001f103d9af30
Event: 15.173 Thread 0x000001f160fc6df0 Thread added: 0x000001f160fc6df0
Event: 15.509 Thread 0x000001f15c134750 Thread added: 0x000001f160fc83e0
Event: 15.512 Thread 0x000001f160fc83e0 Thread exited: 0x000001f160fc83e0
Event: 15.585 Thread 0x000001f15c134750 Thread added: 0x000001f160fc66a0
Event: 15.604 Thread 0x000001f160fc66a0 Thread exited: 0x000001f160fc66a0
Event: 15.606 Thread 0x000001f15c134750 Thread added: 0x000001f160fc83e0
Event: 15.848 Thread 0x000001f160fc83e0 Thread exited: 0x000001f160fc83e0
Event: 21.938 Thread 0x000001f15b191e60 Thread exited: 0x000001f15b191e60
Event: 26.942 Thread 0x000001f115be8050 Thread exited: 0x000001f115be8050


Dynamic libraries:
0x00007ff6c13b0000 - 0x00007ff6c13c0000 	C:\Program Files\Java\jdk-24\bin\java.exe
0x00007ffec29a0000 - 0x00007ffec2c06000 	C:\WINDOWS\SYSTEM32\ntdll.dll
0x00007ffec20e0000 - 0x00007ffec21a9000 	C:\WINDOWS\System32\KERNEL32.DLL
0x00007ffec02e0000 - 0x00007ffec06ac000 	C:\WINDOWS\System32\KERNELBASE.dll
0x00007ffebfb30000 - 0x00007ffebfc7b000 	C:\WINDOWS\System32\ucrtbase.dll
0x00007ffeab0d0000 - 0x00007ffeab0eb000 	C:\Program Files\Java\jdk-24\bin\VCRUNTIME140.dll
0x00007ffeab0a0000 - 0x00007ffeab0b6000 	C:\Program Files\Java\jdk-24\bin\jli.dll
0x00007ffec0760000 - 0x00007ffec092a000 	C:\WINDOWS\System32\USER32.dll
0x00007ffea5f00000 - 0x00007ffea619a000 	C:\WINDOWS\WinSxS\amd64_microsoft.windows.common-controls_6595b64144ccf1df_6.0.26100.3912_none_3e07963ce335137e\COMCTL32.dll
0x00007ffec02b0000 - 0x00007ffec02d7000 	C:\WINDOWS\System32\win32u.dll
0x00007ffec16c0000 - 0x00007ffec16eb000 	C:\WINDOWS\System32\GDI32.dll
0x00007ffec2030000 - 0x00007ffec20d9000 	C:\WINDOWS\System32\msvcrt.dll
0x00007ffec00d0000 - 0x00007ffec0202000 	C:\WINDOWS\System32\gdi32full.dll
0x00007ffec06b0000 - 0x00007ffec0753000 	C:\WINDOWS\System32\msvcp_win.dll
0x00007ffec1680000 - 0x00007ffec16b0000 	C:\WINDOWS\System32\IMM32.DLL
0x00007ffeac360000 - 0x00007ffeac36c000 	C:\Program Files\Java\jdk-24\bin\vcruntime140_1.dll
0x00007ffe88b30000 - 0x00007ffe88bbe000 	C:\Program Files\Java\jdk-24\bin\msvcp140.dll
0x00007ffdff240000 - 0x00007ffdfffe2000 	C:\Program Files\Java\jdk-24\bin\server\jvm.dll
0x00007ffec15c0000 - 0x00007ffec1672000 	C:\WINDOWS\System32\ADVAPI32.dll
0x00007ffec0f60000 - 0x00007ffec1006000 	C:\WINDOWS\System32\sechost.dll
0x00007ffec1df0000 - 0x00007ffec1f06000 	C:\WINDOWS\System32\RPCRT4.dll
0x00007ffec28e0000 - 0x00007ffec2954000 	C:\WINDOWS\System32\WS2_32.dll
0x00007ffebf270000 - 0x00007ffebf2ce000 	C:\WINDOWS\SYSTEM32\POWRPROF.dll
0x00007ffeb0110000 - 0x00007ffeb0146000 	C:\WINDOWS\SYSTEM32\WINMM.dll
0x00007ffeb8e90000 - 0x00007ffeb8e9b000 	C:\WINDOWS\SYSTEM32\VERSION.dll
0x00007ffebf250000 - 0x00007ffebf264000 	C:\WINDOWS\SYSTEM32\UMPDC.dll
0x00007ffebe8f0000 - 0x00007ffebe90a000 	C:\WINDOWS\SYSTEM32\kernel.appcore.dll
0x00007ffeab090000 - 0x00007ffeab09a000 	C:\Program Files\Java\jdk-24\bin\jimage.dll
0x00007ffebd390000 - 0x00007ffebd5d1000 	C:\WINDOWS\SYSTEM32\DBGHELP.DLL
0x00007ffec0930000 - 0x00007ffec0cb4000 	C:\WINDOWS\System32\combase.dll
0x00007ffec1f30000 - 0x00007ffec2010000 	C:\WINDOWS\System32\OLEAUT32.dll
0x00007ffea4b00000 - 0x00007ffea4b39000 	C:\WINDOWS\SYSTEM32\dbgcore.DLL
0x00007ffec0210000 - 0x00007ffec02a9000 	C:\WINDOWS\System32\bcryptPrimitives.dll
0x00007ffeab2a0000 - 0x00007ffeab2dc000 	C:\Program Files\Java\jdk-24\bin\jdwp.dll
0x00007ffeac7c0000 - 0x00007ffeac7cf000 	C:\Program Files\Java\jdk-24\bin\instrument.dll
0x00007ffeaae30000 - 0x00007ffeaae4e000 	C:\Program Files\Java\jdk-24\bin\java.dll
0x00007ffec12e0000 - 0x00007ffec147f000 	C:\WINDOWS\System32\ole32.dll
0x00007ffec21b0000 - 0x00007ffec28dd000 	C:\WINDOWS\System32\SHELL32.dll
0x00007ffebfc80000 - 0x00007ffebfdf4000 	C:\WINDOWS\System32\wintypes.dll
0x00007ffe13fb0000 - 0x00007ffe141a8000 	C:\Users\frost\AppData\Local\Temp\idea_libasyncProfiler_dll_temp_folder1\libasyncProfiler.dll
0x00007ffea43b0000 - 0x00007ffea43c7000 	C:\Program Files\Java\jdk-24\bin\zip.dll
0x00007ffebd7c0000 - 0x00007ffebe016000 	C:\WINDOWS\SYSTEM32\windows.storage.dll
0x00007ffec1860000 - 0x00007ffec194f000 	C:\WINDOWS\System32\SHCORE.dll
0x00007ffec0cc0000 - 0x00007ffec0d29000 	C:\WINDOWS\System32\shlwapi.dll
0x00007ffebfa40000 - 0x00007ffebfa6f000 	C:\WINDOWS\SYSTEM32\profapi.dll
0x00007ffeb8ea0000 - 0x00007ffeb8eac000 	C:\Program Files\Java\jdk-24\bin\dt_socket.dll
0x00007ffebe360000 - 0x00007ffebe393000 	C:\WINDOWS\SYSTEM32\IPHLPAPI.DLL
0x00007ffebeed0000 - 0x00007ffebef3a000 	C:\WINDOWS\system32\mswsock.dll
0x00007ffeab080000 - 0x00007ffeab090000 	C:\Program Files\Java\jdk-24\bin\net.dll
0x00007ffea59b0000 - 0x00007ffea59c6000 	C:\Program Files\Java\jdk-24\bin\nio.dll
0x00007ffebe400000 - 0x00007ffebe527000 	C:\WINDOWS\SYSTEM32\DNSAPI.dll
0x00007ffec1f20000 - 0x00007ffec1f2a000 	C:\WINDOWS\System32\NSI.dll
0x00007ffeb5070000 - 0x00007ffeb507b000 	C:\Windows\System32\rasadhlp.dll
0x00007ffeafde0000 - 0x00007ffeafe66000 	C:\WINDOWS\System32\fwpuclnt.dll
0x00007ffea42d0000 - 0x00007ffea42da000 	C:\Program Files\Java\jdk-24\bin\management.dll
0x00007ffe970d0000 - 0x00007ffe970db000 	C:\Program Files\Java\jdk-24\bin\management_ext.dll
0x00007ffec2020000 - 0x00007ffec2028000 	C:\WINDOWS\System32\PSAPI.DLL
0x00007ffebf170000 - 0x00007ffebf18c000 	C:\WINDOWS\SYSTEM32\CRYPTSP.dll
0x00007ffebe850000 - 0x00007ffebe88a000 	C:\WINDOWS\system32\rsaenh.dll
0x00007ffebef70000 - 0x00007ffebef9b000 	C:\WINDOWS\SYSTEM32\USERENV.dll
0x00007ffebfa10000 - 0x00007ffebfa36000 	C:\WINDOWS\SYSTEM32\bcrypt.dll
0x00007ffebf190000 - 0x00007ffebf19c000 	C:\WINDOWS\SYSTEM32\CRYPTBASE.dll
0x00007ffe9f020000 - 0x00007ffe9f038000 	C:\WINDOWS\system32\napinsp.dll
0x00007ffe9be20000 - 0x00007ffe9be32000 	C:\WINDOWS\System32\winrnr.dll
0x00007ffe98c10000 - 0x00007ffe98c40000 	C:\WINDOWS\system32\nlansp_c.dll
0x00007ffeb4f40000 - 0x00007ffeb4f60000 	C:\WINDOWS\system32\wshbth.dll
0x00007ffea92e0000 - 0x00007ffea92e9000 	C:\Program Files\Java\jdk-24\bin\extnet.dll
0x00007ffea43a0000 - 0x00007ffea43ae000 	C:\Program Files\Java\jdk-24\bin\sunmscapi.dll
0x00007ffebff50000 - 0x00007ffec00c7000 	C:\WINDOWS\System32\CRYPT32.dll
0x00007ffebf430000 - 0x00007ffebf460000 	C:\WINDOWS\SYSTEM32\ncrypt.dll
0x00007ffebf3e0000 - 0x00007ffebf41f000 	C:\WINDOWS\SYSTEM32\NTASN1.dll
0x00007ffea4b40000 - 0x00007ffea4b50000 	C:\Program Files\Java\jdk-24\bin\verify.dll
0x00007ffeb5080000 - 0x00007ffeb5088000 	C:\WINDOWS\system32\wshunix.dll

JVMTI agents:
jdwp path:C:\Program Files\Java\jdk-24\bin\jdwp.dll, loaded, initialized, options:transport=dt_socket,address=127.0.0.1:64797,suspend=y,server=n
C:\Users\frost\AppData\Local\JetBrains\IntelliJIdea2025.1\captureAgent\debugger-agent.jar path:C:\Program Files\Java\jdk-24\bin\instrument.dll, loaded, initialized, instrumentlib options:file:///C:/Users/frost/AppData/Local/Temp/capture16985582466626212361.props
C:\Users\frost\AppData\Local\Temp\idea_libasyncProfiler_dll_temp_folder1\libasyncProfiler.dll path:C:\Users\frost\AppData\Local\Temp\idea_libasyncProfiler_dll_temp_folder1\libasyncProfiler.dll, loaded, initialized, options:version,jfr,event=wall,interval=10ms,cstack=no,file=C:\Users\frost\IdeaSnapshots\ThesisApplication_2025_05_25_190151.jfr,dbghelppath=C:\Users\frost\AppData\Local\Temp\idea_dbghelp_dll_temp_folder\dbghelp.dll,log=C:\Users\frost\AppData\Local\Temp\ThesisApplication_2025_05_25_190151.jfr.log.txt,logLevel=DEBUG

dbghelp: loaded successfully - version: 4.0.5 - missing functions: none
symbol engine: initialized successfully - sym options: 0x614 - pdb path: .;C:\Program Files\Java\jdk-24\bin;C:\WINDOWS\SYSTEM32;C:\WINDOWS\WinSxS\amd64_microsoft.windows.common-controls_6595b64144ccf1df_6.0.26100.3912_none_3e07963ce335137e;C:\Program Files\Java\jdk-24\bin\server;C:\Users\frost\AppData\Local\Temp\idea_libasyncProfiler_dll_temp_folder1

VM Arguments:
jvm_args: -agentlib:jdwp=transport=dt_socket,address=127.0.0.1:64797,suspend=y,server=n -javaagent:C:\Users\frost\AppData\Local\JetBrains\IntelliJIdea2025.1\captureAgent\debugger-agent.jar=file:///C:/Users/frost/AppData/Local/Temp/capture16985582466626212361.props -agentpath:C:\Users\frost\AppData\Local\Temp\idea_libasyncProfiler_dll_temp_folder1\libasyncProfiler.dll=version,jfr,event=wall,interval=10ms,cstack=no,file=C:\Users\frost\IdeaSnapshots\ThesisApplication_2025_05_25_190151.jfr,dbghelppath=C:\Users\frost\AppData\Local\Temp\idea_dbghelp_dll_temp_folder\dbghelp.dll,log=C:\Users\frost\AppData\Local\Temp\ThesisApplication_2025_05_25_190151.jfr.log.txt,logLevel=DEBUG -XX:TieredStopAtLevel=1 -Dspring.output.ansi.enabled=always -Dcom.sun.management.jmxremote -Dspring.jmx.enabled=true -Dspring.liveBeansView.mbeanDomain -Dspring.application.admin.enabled=true -Dmanagement.endpoints.jmx.exposure.include=* -Dkotlinx.coroutines.debug.enable.creation.stack.trace=false -Ddebugger.agent.enable.coroutines=true -Dkotlinx.coroutines.debug.enable.flows.stack.trace=true -Dkotlinx.coroutines.debug.enable.mutable.state.flows.stack.trace=true -Dfile.encoding=UTF-8 -Dsun.stdout.encoding=UTF-8 -Dsun.stderr.encoding=UTF-8 
java_command: com.studying.thesis.ThesisApplication
java_class_path (initial): C:\Users\frost\IdeaProjects\studying\Studying\thesis\target\classes;C:\Users\frost\.m2\repository\org\springframework\boot\spring-boot-starter-data-jpa\3.4.5\spring-boot-starter-data-jpa-3.4.5.jar;C:\Users\frost\.m2\repository\org\springframework\boot\spring-boot-starter\3.4.5\spring-boot-starter-3.4.5.jar;C:\Users\frost\.m2\repository\org\springframework\boot\spring-boot\3.4.5\spring-boot-3.4.5.jar;C:\Users\frost\.m2\repository\org\springframework\boot\spring-boot-autoconfigure\3.4.5\spring-boot-autoconfigure-3.4.5.jar;C:\Users\frost\.m2\repository\org\springframework\boot\spring-boot-starter-logging\3.4.5\spring-boot-starter-logging-3.4.5.jar;C:\Users\frost\.m2\repository\ch\qos\logback\logback-classic\1.5.18\logback-classic-1.5.18.jar;C:\Users\frost\.m2\repository\ch\qos\logback\logback-core\1.5.18\logback-core-1.5.18.jar;C:\Users\frost\.m2\repository\org\apache\logging\log4j\log4j-to-slf4j\2.24.3\log4j-to-slf4j-2.24.3.jar;C:\Users\frost\.m2\repository\org\apache\logging\log4j\log4j-api\2.24.3\log4j-api-2.24.3.jar;C:\Users\frost\.m2\repository\org\slf4j\jul-to-slf4j\2.0.17\jul-to-slf4j-2.0.17.jar;C:\Users\frost\.m2\repository\jakarta\annotation\jakarta.annotation-api\2.1.1\jakarta.annotation-api-2.1.1.jar;C:\Users\frost\.m2\repository\org\springframework\boot\spring-boot-starter-jdbc\3.4.5\spring-boot-starter-jdbc-3.4.5.jar;C:\Users\frost\.m2\repository\com\zaxxer\HikariCP\5.1.0\HikariCP-5.1.0.jar;C:\Users\frost\.m2\repository\org\springframework\spring-jdbc\6.2.6\spring-jdbc-6.2.6.jar;C:\Users\frost\.m2\repository\org\hibernate\orm\hibernate-core\6.6.13.Final\hibernate-core-6.6.13.Final.jar;C:\Users\frost\.m2\repository\jakarta\persistence\jakarta.persistence-api\3.1.0\jakarta.persistence-api-3.1.0.jar;C:\Users\frost\.m2\repository\jakarta\transaction\jakarta.transaction-api\2.0.1\jakarta.transaction-api-2.0.1.jar;C:\Users\frost\.m2\repository\org\jboss\logging\jboss-logging\3.6.1.Final\jboss-logging-3.6.1.Final.jar;C:\Users\frost\.m2\repository\org\hibernate\common\hibernate-commons-annotations\7.0.3.Final\hibernate-commons-annotations-7.0.3.Final.jar;C:\Users\frost\.m2\repository\io\smallrye\jandex\3.2.0\jandex-3.2.0.jar;C:\Users\frost\.m2\repository\com\fasterxml\classmate\1.7.0\classmate-1.7.0.jar;C:\Users\frost\.m2\repository\net\bytebuddy\byte-buddy\1.15.11\byte-buddy-1.15.11.jar;C:\Users\frost\.m2\repository\org\glassfish\jaxb\jaxb-runtime\4.0.5\jaxb-runtime-4.0.5.jar;C:\Users\frost\.m2\repository\org\glassfish\jaxb\jaxb-core\4.0.5\jaxb-core-4.0.5.jar;C:\Users\frost\.m2\repository\org\eclipse\angus\angus-activation\2.0.2\angus-activation-2.0.2.jar;C:\Users\frost\.m2\repository\org\glassfish\jaxb\txw2\4.0.5\txw2-4.0.5.jar;C:\Users\frost\.m2\repository\com\sun\istack\istack-commons-runtime\4.1.2\istack-commons-runtime-4.1.2.jar;C:\Users\frost\.m2\repository\jakarta\inject\jakarta.inject-api\2.0.1\jakarta.inject-api-2.0.1.jar;C:\Users\frost\.m2\repository\org\antlr\antlr4-runtime\4.13.0\antlr4-runtime-4.13.0.jar;C:\Users\frost\.m2\repository\org\springframework\data\spring-data-jpa\3.4.5\spring-data-jpa-3.4.5.jar;C:\Users\frost\.m2\repository\org\springframework\data\spring-data-commons\3.4.5\spring-data-commons-3.4.5.jar;C:\Users\frost\.m2\repository\org\springframework\spring-orm\6.2.6\spring-orm-6.2.6.jar;C:\Users\frost\.m2\repository\org\springframework\spring-context\6.2.6\spring-context-6.2.6.jar;C:\Users\frost\.m2\repository\org\springframework\spring-tx\6.2.6\spring-tx-6.2.6.jar;C:\Users\frost\.m2\repository\org\springframework\spring-beans\6.2.6\spring-beans-6.2.6.jar;C:\Users\frost\.m2\repository\org\springframework\spring-aspects\6.2.6\spring-aspects-6.2.6.jar;C:\Users\frost\.m2\repository\org\aspectj\aspectjweaver\1.9.24\aspectjweaver-1.9.24.jar;C:\Users\frost\.m2\repository\org\springframework\boot\spring-boot-starter-security\3.4.5\spring-boot-starter-security-3.4.5.jar;C:\Users\frost\.m2\repository\org\springframework\spring-aop\6.2.6\spring-aop-6.2.6.jar;C:\Users\frost\.m2\repository\org\springframework\security\spring-security-config\6.4.5\spring-security-config-6.4.5.jar;C:\Users\frost\.m2\repository\org\springframework\security\spring-security-web\6.4.5\spring-security-web-6.4.5.jar;C:\Users\frost\.m2\repository\org\springframework\spring-expression\6.2.6\spring-expression-6.2.6.jar;C:\Users\frost\.m2\repository\org\springframework\boot\spring-boot-starter-thymeleaf\3.4.5\spring-boot-starter-thymeleaf-3.4.5.jar;C:\Users\frost\.m2\repository\org\thymeleaf\thymeleaf-spring6\3.1.3.RELEASE\thymeleaf-spring6-3.1.3.RELEASE.jar;C:\Users\frost\.m2\repository\org\thymeleaf\thymeleaf\3.1.3.RELEASE\thymeleaf-3.1.3.RELEASE.jar;C:\Users\frost\.m2\repository\org\attoparser\attoparser\2.0.7.RELEASE\attoparser-2.0.7.RELEASE.jar;C:\Users\frost\.m2\repository\org\unbescape\unbescape\1.1.6.RELEASE\unbescape-1.1.6.RELEASE.jar;C:\Users\frost\.m2\repository\org\springframework\boot\spring-boot-starter-web\3.4.5\spring-boot-starter-web-3.4.5.jar;C:\Users\frost\.m2\repository\org\springframework\boot\spring-boot-starter-tomcat\3.4.5\spring-boot-starter-tomcat-3.4.5.jar;C:\Users\frost\.m2\repository\org\apache\tomcat\embed\tomcat-embed-core\10.1.40\tomcat-embed-core-10.1.40.jar;C:\Users\frost\.m2\repository\org\apache\tomcat\embed\tomcat-embed-el\10.1.40\tomcat-embed-el-10.1.40.jar;C:\Users\frost\.m2\repository\org\apache\tomcat\embed\tomcat-embed-websocket\10.1.40\tomcat-embed-websocket-10.1.40.jar;C:\Users\frost\.m2\repository\org\springframework\spring-web\6.2.6\spring-web-6.2.6.jar;C:\Users\frost\.m2\repository\io\micrometer\micrometer-observation\1.14.6\micrometer-observation-1.14.6.jar;C:\Users\frost\.m2\repository\io\micrometer\micrometer-commons\1.14.6\micrometer-commons-1.14.6.jar;C:\Users\frost\.m2\repository\org\springframework\spring-webmvc\6.2.6\spring-webmvc-6.2.6.jar;C:\Users\frost\.m2\repository\org\liquibase\liquibase-core\4.31.1\liquibase-core-4.31.1.jar;C:\Users\frost\.m2\repository\com\opencsv\opencsv\5.9\opencsv-5.9.jar;C:\Users\frost\.m2\repository\org\yaml\snakeyaml\2.3\snakeyaml-2.3.jar;C:\Users\frost\.m2\repository\javax\xml\bind\jaxb-api\2.3.1\jaxb-api-2.3.1.jar;C:\Users\frost\.m2\repository\org\apache\commons\commons-collections4\4.4\commons-collections4-4.4.jar;C:\Users\frost\.m2\repository\org\apache\commons\commons-text\1.13.0\commons-text-1.13.0.jar;C:\Users\frost\.m2\repository\org\apache\commons\commons-lang3\3.17.0\commons-lang3-3.17.0.jar;C:\Users\frost\.m2\repository\commons-io\commons-io\2.18.0\commons-io-2.18.0.jar;C:\Users\frost\.m2\repository\org\thymeleaf\extras\thymeleaf-extras-springsecurity6\3.1.3.RELEASE\thymeleaf-extras-springsecurity6-3.1.3.RELEASE.jar;C:\Users\frost\.m2\repository\org\slf4j\slf4j-api\2.0.17\slf4j-api-2.0.17.jar;C:\Users\frost\.m2\repository\com\mysql\mysql-connector-j\9.1.0\mysql-connector-j-9.1.0.jar;C:\Users\frost\.m2\repository\org\postgresql\postgresql\42.7.5\postgresql-42.7.5.jar;C:\Users\frost\.m2\repository\jakarta\xml\bind\jakarta.xml.bind-api\4.0.2\jakarta.xml.bind-api-4.0.2.jar;C:\Users\frost\.m2\repository\jakarta\activation\jakarta.activation-api\2.1.3\jakarta.activation-api-2.1.3.jar;C:\Users\frost\.m2\repository\org\springframework\spring-core\6.2.6\spring-core-6.2.6.jar;C:\Users\frost\.m2\repository\org\springframework\spring-jcl\6.2.6\spring-jcl-6.2.6.jar;C:\Users\frost\.m2\repository\org\springframework\security\spring-security-core\6.4.5\spring-security-core-6.4.5.jar;C:\Users\frost\.m2\repository\org\springframework\security\spring-security-crypto\6.4.5\spring-security-crypto-6.4.5.jar;C:\Users\frost\.m2\repository\org\springdoc\springdoc-openapi-starter-webmvc-ui\2.5.0\springdoc-openapi-starter-webmvc-ui-2.5.0.jar;C:\Users\frost\.m2\repository\org\springdoc\springdoc-openapi-starter-webmvc-api\2.5.0\springdoc-openapi-starter-webmvc-api-2.5.0.jar;C:\Users\frost\.m2\repository\org\springdoc\springdoc-openapi-starter-common\2.5.0\springdoc-openapi-starter-common-2.5.0.jar;C:\Users\frost\.m2\repository\io\swagger\core\v3\swagger-core-jakarta\2.2.21\swagger-core-jakarta-2.2.21.jar;C:\Users\frost\.m2\repository\io\swagger\core\v3\swagger-annotations-jakarta\2.2.21\swagger-annotations-jakarta-2.2.21.jar;C:\Users\frost\.m2\repository\io\swagger\core\v3\swagger-models-jakarta\2.2.21\swagger-models-jakarta-2.2.21.jar;C:\Users\frost\.m2\repository\jakarta\validation\jakarta.validation-api\3.0.2\jakarta.validation-api-3.0.2.jar;C:\Users\frost\.m2\repository\com\fasterxml\jackson\dataformat\jackson-dataformat-yaml\2.18.3\jackson-dataformat-yaml-2.18.3.jar;C:\Users\frost\.m2\repository\org\webjars\swagger-ui\5.13.0\swagger-ui-5.13.0.jar;C:\Users\frost\.m2\repository\io\jsonwebtoken\jjwt-api\0.11.5\jjwt-api-0.11.5.jar;C:\Users\frost\.m2\repository\io\jsonwebtoken\jjwt-impl\0.11.5\jjwt-impl-0.11.5.jar;C:\Users\frost\.m2\repository\io\jsonwebtoken\jjwt-jackson\0.11.5\jjwt-jackson-0.11.5.jar;C:\Users\frost\.m2\repository\com\fasterxml\jackson\core\jackson-databind\2.18.3\jackson-databind-2.18.3.jar;C:\Users\frost\.m2\repository\com\fasterxml\jackson\core\jackson-annotations\2.18.3\jackson-annotations-2.18.3.jar;C:\Users\frost\.m2\repository\com\fasterxml\jackson\core\jackson-core\2.18.3\jackson-core-2.18.3.jar;C:\Users\frost\.m2\repository\org\springframework\boot\spring-boot-starter-json\3.4.5\spring-boot-starter-json-3.4.5.jar;C:\Users\frost\.m2\repository\com\fasterxml\jackson\datatype\jackson-datatype-jdk8\2.18.3\jackson-datatype-jdk8-2.18.3.jar;C:\Users\frost\.m2\repository\com\fasterxml\jackson\datatype\jackson-datatype-jsr310\2.18.3\jackson-datatype-jsr310-2.18.3.jar;C:\Users\frost\.m2\repository\com\fasterxml\jackson\module\jackson-module-parameter-names\2.18.3\jackson-module-parameter-names-2.18.3.jar;C:\Users\frost\.m2\repository\org\checkerframework\checker-qual\3.49.3\checker-qual-3.49.3.jar;C:\Program Files\JetBrains\IntelliJ IDEA 2025.1.1.1\lib\idea_rt.jar
Launcher Type: SUN_STANDARD

[Global flags]
     intx CICompilerCount                          = 4                                         {product} {ergonomic}
     uint ConcGCThreads                            = 3                                         {product} {ergonomic}
     uint G1ConcRefinementThreads                  = 10                                        {product} {ergonomic}
   size_t G1HeapRegionSize                         = 1048576                                   {product} {ergonomic}
   size_t InitialHeapSize                          = 132120576                                 {product} {ergonomic}
     bool ManagementServer                         = true                                      {product} {command line}
   size_t MarkStackSize                            = 4194304                                   {product} {ergonomic}
   size_t MarkStackSizeMax                         = 536870912                                 {product} {ergonomic}
   size_t MaxHeapSize                              = 2113929216                                {product} {ergonomic}
   size_t MaxNewSize                               = 1267728384                                {product} {ergonomic}
   size_t MinHeapDeltaBytes                        = 1048576                                   {product} {ergonomic}
   size_t MinHeapSize                              = 8388608                                   {product} {ergonomic}
    uintx NonNMethodCodeHeapSize                   = 4096                                   {pd product} {ergonomic}
    uintx NonProfiledCodeHeapSize                  = 0                                      {pd product} {ergonomic}
     bool ProfileInterpreter                       = false                                  {pd product} {command line}
    uintx ProfiledCodeHeapSize                     = 0                                      {pd product} {ergonomic}
   size_t SoftMaxHeapSize                          = 2113929216                             {manageable} {ergonomic}
     intx TieredStopAtLevel                        = 1                                         {product} {command line}
     bool UseCompressedOops                        = true                           {product lp64_product} {ergonomic}
     bool UseG1GC                                  = true                                      {product} {ergonomic}
     bool UseLargePagesIndividualAllocation        = false                                  {pd product} {ergonomic}

Logging:
Log output configuration:
 #0: stdout all=warning uptime,level,tags foldmultilines=false
 #1: stderr all=off uptime,level,tags foldmultilines=false

Environment Variables:
JAVA_HOME=C:\Program Files\Java\jdk-17
PATH=C:\Program Files\Common Files\Oracle\Java\javapath;C:\Python312\Scripts\;C:\Python312\;C:\mingw64;C:\WinAVR-20100110\bin;C:\WinAVR-20100110\utils\bin;C:\app\frost\product\21c\dbhomeXE\bin;C:\ProgramData\Oracle\Java\javapath;C:\Program Files (x86)\Common Files\Oracle\Java\java8path;C:\Program Files (x86)\Common Files\Oracle\Java\javapath;C:\Windows\system32;C:\Windows;C:\Windows\System32\Wbem;C:\Windows\System32\WindowsPowerShell\v1.0\;C:\Windows\System32\OpenSSH\;C:\Program Files\NVIDIA Corporation\NVIDIA NvDLISR;C:\Program Files\Java\jdk-17\bin;C:\Program Files (x86)\NVIDIA Corporation\PhysX\Common;C:\Program Files\Git\cmd;C:\WINDOWS\system32;C:\WINDOWS;C:\WINDOWS\System32\Wbem;C:\WINDOWS\System32\WindowsPowerShell\v1.0\;C:\WINDOWS\System32\OpenSSH\;C:\Program Files\Docker\Docker\resources\bin;C:\Program Files\Racket;C:\Program Files\SSS\CLIPS 6.4.1;C:\Terraform;C:\Program Files\nodejs\;C:\ProgramData\chocolatey\bin;C:\Program Files\dotnet\;C:\Program Files (x86)\Windows Kits\10\Windows Performance Toolkit\;C:\mingw64;C:\Program Files\MySQL\MySQL Shell 8.0\bin\;C:\Users\frost\AppData\Local\Programs\Python\Python310\Scripts\;C:\Users\frost\AppData\Local\Programs\Python\Python310\;C:\Users\frost\AppData\Local\Microsoft\WindowsApps;C:\Program Files\JetBrains\PyCharm 2021.3.2\bin;C:\Users\frost\AppData\Local\GitHubDesktop\bin;C:\Users\frost\AppData\Local\atom\bin;C:\Program Files\JetBrains\DataGrip 2022.3.3\bin;;C:\Users\frost\AppData\Local\Microsoft\WindowsApps;C:\Users\frost\AppData\Local\Programs\Microsoft VS Code\bin;C:\Users\frost\.dotnet\tools;C:\Program Files\Racket;C:\Users\frost\AppData\Roaming\npm;C:\Program Files\Java\jdk-17\bin;
USERNAME=frost
OS=Windows_NT
PROCESSOR_IDENTIFIER=AMD64 Family 23 Model 96 Stepping 1, AuthenticAMD
TMP=C:\Users\frost\AppData\Local\Temp
TEMP=C:\Users\frost\AppData\Local\Temp




Periodic native trim disabled

---------------  S Y S T E M  ---------------

OS:
 Windows 11 , 64 bit Build 26100 (10.0.26100.3912)
OS uptime: 2 days 5:23 hours
Hyper-V role detected

CPU: total 12 (initial active 12) (12 cores per cpu, 2 threads per core) family 23 model 96 stepping 1 microcode 0x8600104, cx8, cmov, fxsr, ht, mmx, 3dnowpref, sse, sse2, sse3, ssse3, sse4a, sse4.1, sse4.2, popcnt, lzcnt, tsc, tscinvbit, avx, avx2, aes, clmul, bmi1, bmi2, adx, sha, fma, vzeroupper, clflush, clflushopt, hv, rdtscp, rdpid, f16c
Processor Information for the first 12 processors :
  Max Mhz: 3000, Current Mhz: 3000, Mhz Limit: 3000

Memory: 4k page, system-wide physical 8061M (1123M free)
TotalPageFile size 32390M (AvailPageFile size 3616M)
current process WorkingSet (physical memory assigned to process): 139M, peak: 273M
current process commit charge ("private bytes"): 327M, peak: 328M

vm_info: Java HotSpot(TM) 64-Bit Server VM (24.0.1+9-30) for windows-amd64 JRE (24.0.1+9-30), built on 2025-03-05T07:23:45Z with MS VC++ 17.6 (VS2022)

END.
